Archive member included to satisfy reference by file (symbol)

C:/Develop/software/STM32CubeCLT_1.16.0/GNU-tools-for-STM32/bin/../lib/gcc/arm-none-eabi/12.3.1/../../../../arm-none-eabi/lib/thumb/v7e-m+dp/hard\libc_nano.a(libc_a-exit.o)
                              C:/Develop/software/STM32CubeCLT_1.16.0/GNU-tools-for-STM32/bin/../lib/gcc/arm-none-eabi/12.3.1/../../../../arm-none-eabi/lib/thumb/v7e-m+dp/hard/crt0.o (exit)
C:/Develop/software/STM32CubeCLT_1.16.0/GNU-tools-for-STM32/bin/../lib/gcc/arm-none-eabi/12.3.1/../../../../arm-none-eabi/lib/thumb/v7e-m+dp/hard\libc_nano.a(libc_a-findfp.o)
                              C:/Develop/software/STM32CubeCLT_1.16.0/GNU-tools-for-STM32/bin/../lib/gcc/arm-none-eabi/12.3.1/../../../../arm-none-eabi/lib/thumb/v7e-m+dp/hard\libc_nano.a(libc_a-exit.o) (__stdio_exit_handler)
C:/Develop/software/STM32CubeCLT_1.16.0/GNU-tools-for-STM32/bin/../lib/gcc/arm-none-eabi/12.3.1/../../../../arm-none-eabi/lib/thumb/v7e-m+dp/hard\libc_nano.a(libc_a-fwalk.o)
                              C:/Develop/software/STM32CubeCLT_1.16.0/GNU-tools-for-STM32/bin/../lib/gcc/arm-none-eabi/12.3.1/../../../../arm-none-eabi/lib/thumb/v7e-m+dp/hard\libc_nano.a(libc_a-findfp.o) (_fwalk_sglue)
C:/Develop/software/STM32CubeCLT_1.16.0/GNU-tools-for-STM32/bin/../lib/gcc/arm-none-eabi/12.3.1/../../../../arm-none-eabi/lib/thumb/v7e-m+dp/hard\libc_nano.a(libc_a-stdio.o)
                              C:/Develop/software/STM32CubeCLT_1.16.0/GNU-tools-for-STM32/bin/../lib/gcc/arm-none-eabi/12.3.1/../../../../arm-none-eabi/lib/thumb/v7e-m+dp/hard\libc_nano.a(libc_a-findfp.o) (__sread)
C:/Develop/software/STM32CubeCLT_1.16.0/GNU-tools-for-STM32/bin/../lib/gcc/arm-none-eabi/12.3.1/../../../../arm-none-eabi/lib/thumb/v7e-m+dp/hard\libc_nano.a(libc_a-memset.o)
                              C:/Develop/software/STM32CubeCLT_1.16.0/GNU-tools-for-STM32/bin/../lib/gcc/arm-none-eabi/12.3.1/../../../../arm-none-eabi/lib/thumb/v7e-m+dp/hard/crt0.o (memset)
C:/Develop/software/STM32CubeCLT_1.16.0/GNU-tools-for-STM32/bin/../lib/gcc/arm-none-eabi/12.3.1/../../../../arm-none-eabi/lib/thumb/v7e-m+dp/hard\libc_nano.a(libc_a-closer.o)
                              C:/Develop/software/STM32CubeCLT_1.16.0/GNU-tools-for-STM32/bin/../lib/gcc/arm-none-eabi/12.3.1/../../../../arm-none-eabi/lib/thumb/v7e-m+dp/hard\libc_nano.a(libc_a-stdio.o) (_close_r)
C:/Develop/software/STM32CubeCLT_1.16.0/GNU-tools-for-STM32/bin/../lib/gcc/arm-none-eabi/12.3.1/../../../../arm-none-eabi/lib/thumb/v7e-m+dp/hard\libc_nano.a(libc_a-reent.o)
                              C:/Develop/software/STM32CubeCLT_1.16.0/GNU-tools-for-STM32/bin/../lib/gcc/arm-none-eabi/12.3.1/../../../../arm-none-eabi/lib/thumb/v7e-m+dp/hard\libc_nano.a(libc_a-closer.o) (errno)
C:/Develop/software/STM32CubeCLT_1.16.0/GNU-tools-for-STM32/bin/../lib/gcc/arm-none-eabi/12.3.1/../../../../arm-none-eabi/lib/thumb/v7e-m+dp/hard\libc_nano.a(libc_a-impure.o)
                              C:/Develop/software/STM32CubeCLT_1.16.0/GNU-tools-for-STM32/bin/../lib/gcc/arm-none-eabi/12.3.1/../../../../arm-none-eabi/lib/thumb/v7e-m+dp/hard\libc_nano.a(libc_a-reent.o) (_impure_ptr)
C:/Develop/software/STM32CubeCLT_1.16.0/GNU-tools-for-STM32/bin/../lib/gcc/arm-none-eabi/12.3.1/../../../../arm-none-eabi/lib/thumb/v7e-m+dp/hard\libc_nano.a(libc_a-lseekr.o)
                              C:/Develop/software/STM32CubeCLT_1.16.0/GNU-tools-for-STM32/bin/../lib/gcc/arm-none-eabi/12.3.1/../../../../arm-none-eabi/lib/thumb/v7e-m+dp/hard\libc_nano.a(libc_a-stdio.o) (_lseek_r)
C:/Develop/software/STM32CubeCLT_1.16.0/GNU-tools-for-STM32/bin/../lib/gcc/arm-none-eabi/12.3.1/../../../../arm-none-eabi/lib/thumb/v7e-m+dp/hard\libc_nano.a(libc_a-readr.o)
                              C:/Develop/software/STM32CubeCLT_1.16.0/GNU-tools-for-STM32/bin/../lib/gcc/arm-none-eabi/12.3.1/../../../../arm-none-eabi/lib/thumb/v7e-m+dp/hard\libc_nano.a(libc_a-stdio.o) (_read_r)
C:/Develop/software/STM32CubeCLT_1.16.0/GNU-tools-for-STM32/bin/../lib/gcc/arm-none-eabi/12.3.1/../../../../arm-none-eabi/lib/thumb/v7e-m+dp/hard\libc_nano.a(libc_a-writer.o)
                              C:/Develop/software/STM32CubeCLT_1.16.0/GNU-tools-for-STM32/bin/../lib/gcc/arm-none-eabi/12.3.1/../../../../arm-none-eabi/lib/thumb/v7e-m+dp/hard\libc_nano.a(libc_a-stdio.o) (_write_r)
C:/Develop/software/STM32CubeCLT_1.16.0/GNU-tools-for-STM32/bin/../lib/gcc/arm-none-eabi/12.3.1/../../../../arm-none-eabi/lib/thumb/v7e-m+dp/hard\libc_nano.a(libc_a-init.o)
                              C:/Develop/software/STM32CubeCLT_1.16.0/GNU-tools-for-STM32/bin/../lib/gcc/arm-none-eabi/12.3.1/../../../../arm-none-eabi/lib/thumb/v7e-m+dp/hard/crt0.o (__libc_init_array)
C:/Develop/software/STM32CubeCLT_1.16.0/GNU-tools-for-STM32/bin/../lib/gcc/arm-none-eabi/12.3.1/../../../../arm-none-eabi/lib/thumb/v7e-m+dp/hard\libc_nano.a(libc_a-lock.o)
[...]
Memory Configuration

Name             Origin             Length             Attributes
RAM              0x20000000         0x00080000         xrw
FLASH            0x08000000         0x00200000         xr
*default*        0x00000000         0xffffffff

Linker script and memory map

LOAD C:/Develop/software/STM32CubeCLT_1.16.0/GNU-tools-for-STM32/bin/../lib/gcc/arm-none-eabi/12.3.1/thumb/v7e-m+dp/hard/crti.o
LOAD C:/Develop/software/STM32CubeCLT_1.16.0/GNU-tools-for-STM32/bin/../lib/gcc/arm-none-eabi/12.3.1/thumb/v7e-m+dp/hard/crtbegin.o
LOAD C:/Develop/software/STM32CubeCLT_1.16.0/GNU-tools-for-STM32/bin/../lib/gcc/arm-none-eabi/12.3.1/../../../../arm-none-eabi/lib/thumb/v7e-m+dp/hard/crt0.o
START GROUP
LOAD C:/Develop/software/STM32CubeCLT_1.16.0/GNU-tools-for-STM32/bin/../lib/gcc/arm-none-eabi/12.3.1/../../../../arm-none-eabi/lib/thumb/v7e-m+dp/hard\libc_nano.a
LOAD C:/Develop/software/STM32CubeCLT_1.16.0/GNU-tools-for-STM32/bin/../lib/gcc/arm-none-eabi/12.3.1/../../../../arm-none-eabi/lib/thumb/v7e-m+dp/hard\libm.a
END GROUP
LOAD CMakeFiles/CraneGame.dir/Core/Src/myutils.c.obj
LOAD CMakeFiles/CraneGame.dir/Core/Src/main.c.obj
LOAD CMakeFiles/CraneGame.dir/Core/Src/freertos.c.obj
LOAD CMakeFiles/CraneGame.dir/Core/Src/stm32f7xx_it.c.obj
LOAD CMakeFiles/CraneGame.dir/Core/Src/stm32f7xx_hal_msp.c.obj
LOAD CMakeFiles/CraneGame.dir/Core/Src/stm32f7xx_hal_timebase_tim.c.obj
LOAD CMakeFiles/CraneGame.dir/Drivers/STM32F7xx_HAL_Driver/Src/stm32f7xx_hal_cortex.c.obj
LOAD CMakeFiles/CraneGame.dir/Drivers/STM32F7xx_HAL_Driver/Src/stm32f7xx_hal_rcc.c.obj
LOAD CMakeFiles/CraneGame.dir/Drivers/STM32F7xx_HAL_Driver/Src/stm32f7xx_hal_rcc_ex.c.obj
LOAD CMakeFiles/CraneGame.dir/Drivers/STM32F7xx_HAL_Driver/Src/stm32f7xx_hal_flash.c.obj
LOAD CMakeFiles/CraneGame.dir/Drivers/STM32F7xx_HAL_Driver/Src/stm32f7xx_hal_flash_ex.c.obj
LOAD CMakeFiles/CraneGame.dir/Drivers/STM32F7xx_HAL_Driver/Src/stm32f7xx_hal_gpio.c.obj
LOAD CMakeFiles/CraneGame.dir/Drivers/STM32F7xx_HAL_Driver/Src/stm32f7xx_hal_dma.c.obj
LOAD CMakeFiles/CraneGame.dir/Drivers/STM32F7xx_HAL_Driver/Src/stm32f7xx_hal_dma_ex.c.obj
LOAD CMakeFiles/CraneGame.dir/Drivers/STM32F7xx_HAL_Driver/Src/stm32f7xx_hal_pwr.c.obj
LOAD CMakeFiles/CraneGame.dir/Drivers/STM32F7xx_HAL_Driver/Src/stm32f7xx_hal_pwr_ex.c.obj
LOAD CMakeFiles/CraneGame.dir/Drivers/STM32F7xx_HAL_Driver/Src/stm32f7xx_hal.c.obj
LOAD CMakeFiles/CraneGame.dir/Drivers/STM32F7xx_HAL_Driver/Src/stm32f7xx_hal_i2c.c.obj
LOAD CMakeFiles/CraneGame.dir/Drivers/STM32F7xx_HAL_Driver/Src/stm32f7xx_hal_i2c_ex.c.obj
LOAD CMakeFiles/CraneGame.dir/Drivers/STM32F7xx_HAL_Driver/Src/stm32f7xx_hal_exti.c.obj
LOAD CMakeFiles/CraneGame.dir/Drivers/STM32F7xx_HAL_Driver/Src/stm32f7xx_hal_tim.c.obj
LOAD CMakeFiles/CraneGame.dir/Drivers/STM32F7xx_HAL_Driver/Src/stm32f7xx_hal_tim_ex.c.obj
LOAD CMakeFiles/CraneGame.dir/Drivers/STM32F7xx_HAL_Driver/Src/stm32f7xx_hal_uart.c.obj
LOAD CMakeFiles/CraneGame.dir/Drivers/STM32F7xx_HAL_Driver/Src/stm32f7xx_hal_uart_ex.c.obj
LOAD CMakeFiles/CraneGame.dir/Drivers/STM32F7xx_HAL_Driver/Src/stm32f7xx_hal_pcd.c.obj
LOAD CMakeFiles/CraneGame.dir/Drivers/STM32F7xx_HAL_Driver/Src/stm32f7xx_hal_pcd_ex.c.obj
LOAD CMakeFiles/CraneGame.dir/Drivers/STM32F7xx_HAL_Driver/Src/stm32f7xx_ll_usb.c.obj
LOAD CMakeFiles/CraneGame.dir/Core/Src/system_stm32f7xx.c.obj
LOAD CMakeFiles/CraneGame.dir/Middlewares/Third_Party/FreeRTOS/Source/croutine.c.obj
LOAD CMakeFiles/CraneGame.dir/Middlewares/Third_Party/FreeRTOS/Source/event_groups.c.obj
LOAD CMakeFiles/CraneGame.dir/Middlewares/Third_Party/FreeRTOS/Source/list.c.obj
LOAD CMakeFiles/CraneGame.dir/Middlewares/Third_Party/FreeRTOS/Source/queue.c.obj
LOAD CMakeFiles/CraneGame.dir/Middlewares/Third_Party/FreeRTOS/Source/stream_buffer.c.obj
LOAD CMakeFiles/CraneGame.dir/Middlewares/Third_Party/FreeRTOS/Source/tasks.c.obj
LOAD CMakeFiles/CraneGame.dir/Middlewares/Third_Party/FreeRTOS/Source/timers.c.obj
LOAD CMakeFiles/CraneGame.dir/Middlewares/Third_Party/FreeRTOS/Source/CMSIS_RTOS/cmsis_os.c.obj
LOAD CMakeFiles/CraneGame.dir/Middlewares/Third_Party/FreeRTOS/Source/portable/MemMang/heap_4.c.obj
LOAD CMakeFiles/CraneGame.dir/Middlewares/Third_Party/FreeRTOS/Source/portable/GCC/ARM_CM7/r0p1/port.c.obj
LOAD CMakeFiles/CraneGame.dir/Core/Src/sysmem.c.obj
LOAD CMakeFiles/CraneGame.dir/Core/Src/syscalls.c.obj
LOAD CMakeFiles/CraneGame.dir/startup_stm32f767xx.s.obj
START GROUP
LOAD C:/Develop/software/STM32CubeCLT_1.16.0/GNU-tools-for-STM32/bin/../lib/gcc/arm-none-eabi/12.3.1/thumb/v7e-m+dp/hard\libgcc.a
LOAD C:/Develop/software/STM32CubeCLT_1.16.0/GNU-tools-for-STM32/bin/../lib/gcc/arm-none-eabi/12.3.1/../../../../arm-none-eabi/lib/thumb/v7e-m+dp/hard\libg_nano.a
LOAD C:/Develop/software/STM32CubeCLT_1.16.0/GNU-tools-for-STM32/bin/../lib/gcc/arm-none-eabi/12.3.1/../../../../arm-none-eabi/lib/thumb/v7e-m+dp/hard\libc_nano.a
END GROUP
START GROUP
LOAD C:/Develop/software/STM32CubeCLT_1.16.0/GNU-tools-for-STM32/bin/../lib/gcc/arm-none-eabi/12.3.1/thumb/v7e-m+dp/hard\libgcc.a
LOAD C:/Develop/software/STM32CubeCLT_1.16.0/GNU-tools-for-STM32/bin/../lib/gcc/arm-none-eabi/12.3.1/../../../../arm-none-eabi/lib/thumb/v7e-m+dp/hard\libc_nano.a
END GROUP
LOAD C:/Develop/software/STM32CubeCLT_1.16.0/GNU-tools-for-STM32/bin/../lib/gcc/arm-none-eabi/12.3.1/thumb/v7e-m+dp/hard/crtend.o
LOAD C:/Develop/software/STM32CubeCLT_1.16.0/GNU-tools-for-STM32/bin/../lib/gcc/arm-none-eabi/12.3.1/thumb/v7e-m+dp/hard/crtn.o
                0x20080000                        _estack = (ORIGIN (RAM) + LENGTH (RAM))
                0x00000200                        _Min_Heap_Size = 0x200
                0x00000400                        _Min_Stack_Size = 0x400

.isr_vector     0x08000000      0x1f8
                0x08000000                        . = ALIGN (0x4)
 *(.isr_vector)
 .isr_vector    0x08000000      0x1f8 CMakeFiles/CraneGame.dir/startup_stm32f767xx.s.obj
                0x08000000                g_pfnVectors
                0x080001f8                        . = ALIGN (0x4)

.text           0x08000200     0x6c78
                0x08000200                        . = ALIGN (0x4)
 *(.text)
 .text          0x08000200       0x40 C:/Develop/software/STM32CubeCLT_1.16.0/GNU-tools-for-STM32/bin/../lib/gcc/arm-none-eabi/12.3.1/thumb/v7e-m+dp/hard/crtbegin.o
 .text          0x08000240       0x30 C:/Develop/software/STM32CubeCLT_1.16.0/GNU-tools-for-STM32/bin/../lib/gcc/arm-none-eabi/12.3.1/thumb/v7e-m+dp/hard\libgcc.a(_aeabi_uldivmod.o)
                0x08000240                __aeabi_uldivmod
 .text          0x08000270      0x2bc C:/Develop/software/STM32CubeCLT_1.16.0/GNU-tools-for-STM32/bin/../lib/gcc/arm-none-eabi/12.3.1/thumb/v7e-m+dp/hard\libgcc.a(_udivmoddi4.o)
                0x08000270                __udivmoddi4
 .text          0x0800052c        0x4 C:/Develop/software/STM32CubeCLT_1.16.0/GNU-tools-for-STM32/bin/../lib/gcc/arm-none-eabi/12.3.1/thumb/v7e-m+dp/hard\libgcc.a(_dvmd_tls.o)
                0x0800052c                __aeabi_idiv0
                0x0800052c                __aeabi_ldiv0
 *(.text*)
 .text.memset   0x08000530       0x10 C:/Develop/software/STM32CubeCLT_1.16.0/GNU-tools-for-STM32/bin/../lib/gcc/arm-none-eabi/12.3.1/../../../../arm-none-eabi/lib/thumb/v7e-m+dp/hard\libc_nano.a(libc_a-memset.o)
                0x08000530                memset
 .text.__libc_init_array
                0x08000540       0x48 C:/Develop/software/STM32CubeCLT_1.16.0/GNU-tools-for-STM32/bin/../lib/gcc/arm-none-eabi/12.3.1/../../../../arm-none-eabi/lib/thumb/v7e-m+dp/hard\libc_nano.a(libc_a-init.o)
                0x08000540                __libc_init_array
 .text.set_PWM_CCR
                0x08000588       0x1e CMakeFiles/CraneGame.dir/Core/Src/myutils.c.obj
                0x08000588                set_PWM_CCR
 .text.is_bit_on
                0x080005a6       0x2e CMakeFiles/CraneGame.dir/Core/Src/myutils.c.obj
                0x080005a6                is_bit_on
 .text.set_task_led
                0x080005d4       0x8c CMakeFiles/CraneGame.dir/Core/Src/myutils.c.obj
                0x080005d4                set_task_led
 .text.task_suspend
                0x08000660       0x9c CMakeFiles/CraneGame.dir/Core/Src/main.c.obj
                0x08000660                task_suspend
 .text.task_arm_control
                0x080006fc      0x18c CMakeFiles/CraneGame.dir/Core/Src/main.c.obj
                0x080006fc                task_arm_control
 .text.task_arm_down
                0x08000888       0x80 CMakeFiles/CraneGame.dir/Core/Src/main.c.obj
                0x08000888                task_arm_down
 .text.task_catching
                0x08000908       0x64 CMakeFiles/CraneGame.dir/Core/Src/main.c.obj
                0x08000908                task_catching
 .text.task_arm_up
                0x0800096c       0x7c CMakeFiles/CraneGame.dir/Core/Src/main.c.obj
                0x0800096c                task_arm_up
 .text.task_returnY
                0x080009e8       0x7c CMakeFiles/CraneGame.dir/Core/Src/main.c.obj
                0x080009e8                task_returnY
 .text.task_returnX
                0x08000a64       0x7c CMakeFiles/CraneGame.dir/Core/Src/main.c.obj
                0x08000a64                task_returnX
 .text.task_release
                0x08000ae0       0x70 CMakeFiles/CraneGame.dir/Core/Src/main.c.obj
                0x08000ae0                task_release
 .text.main     0x08000b50      0x1c0 CMakeFiles/CraneGame.dir/Core/Src/main.c.obj
                0x08000b50                main
 .text.SystemClock_Config
                0x08000d10       0xd8 CMakeFiles/CraneGame.dir/Core/Src/main.c.obj
                0x08000d10                SystemClock_Config
 .text.MX_TIM1_Init
                0x08000de8      0x168 CMakeFiles/CraneGame.dir/Core/Src/main.c.obj
 .text.MX_TIM3_Init
                0x08000f50       0xcc CMakeFiles/CraneGame.dir/Core/Src/main.c.obj
 .text.MX_USART3_UART_Init
                0x0800101c       0x60 CMakeFiles/CraneGame.dir/Core/Src/main.c.obj
 .text.MX_USB_OTG_FS_PCD_Init
                0x0800107c       0x5c CMakeFiles/CraneGame.dir/Core/Src/main.c.obj
 .text.MX_GPIO_Init
                0x080010d8      0x234 CMakeFiles/CraneGame.dir/Core/Src/main.c.obj
 .text.StartDefaultTask
                0x0800130c       0x14 CMakeFiles/CraneGame.dir/Core/Src/main.c.obj
                0x0800130c                StartDefaultTask
 .text.HAL_TIM_PeriodElapsedCallback
                0x08001320       0x24 CMakeFiles/CraneGame.dir/Core/Src/main.c.obj
                0x08001320                HAL_TIM_PeriodElapsedCallback
 .text.Error_Handler
                0x08001344        0xc CMakeFiles/CraneGame.dir/Core/Src/main.c.obj
                0x08001344                Error_Handler
 .text.vApplicationGetIdleTaskMemory
                0x08001350       0x34 CMakeFiles/CraneGame.dir/Core/Src/freertos.c.obj
                0x08001350                vApplicationGetIdleTaskMemory
 .text.NMI_Handler
                0x08001384        0x8 CMakeFiles/CraneGame.dir/Core/Src/stm32f7xx_it.c.obj
                0x08001384                NMI_Handler
 .text.HardFault_Handler
                0x0800138c        0x8 CMakeFiles/CraneGame.dir/Core/Src/stm32f7xx_it.c.obj
                0x0800138c                HardFault_Handler
 .text.MemManage_Handler
                0x08001394        0x8 CMakeFiles/CraneGame.dir/Core/Src/stm32f7xx_it.c.obj
                0x08001394                MemManage_Handler
 .text.BusFault_Handler
                0x0800139c        0x8 CMakeFiles/CraneGame.dir/Core/Src/stm32f7xx_it.c.obj
                0x0800139c                BusFault_Handler
 .text.UsageFault_Handler
                0x080013a4        0x8 CMakeFiles/CraneGame.dir/Core/Src/stm32f7xx_it.c.obj
                0x080013a4                UsageFault_Handler
 .text.DebugMon_Handler
                0x080013ac        0xe CMakeFiles/CraneGame.dir/Core/Src/stm32f7xx_it.c.obj
                0x080013ac                DebugMon_Handler
 *fill*         0x080013ba        0x2 
 .text.TIM8_TRG_COM_TIM14_IRQHandler
                0x080013bc       0x14 CMakeFiles/CraneGame.dir/Core/Src/stm32f7xx_it.c.obj
                0x080013bc                TIM8_TRG_COM_TIM14_IRQHandler
 .text.HAL_MspInit
                0x080013d0       0x50 CMakeFiles/CraneGame.dir/Core/Src/stm32f7xx_hal_msp.c.obj
                0x080013d0                HAL_MspInit
 .text.HAL_TIM_PWM_MspInit
                0x08001420       0x68 CMakeFiles/CraneGame.dir/Core/Src/stm32f7xx_hal_msp.c.obj
                0x08001420                HAL_TIM_PWM_MspInit
 .text.HAL_TIM_MspPostInit
                0x08001488       0xf8 CMakeFiles/CraneGame.dir/Core/Src/stm32f7xx_hal_msp.c.obj
                0x08001488                HAL_TIM_MspPostInit
 .text.HAL_UART_MspInit
                0x08001580       0xc0 CMakeFiles/CraneGame.dir/Core/Src/stm32f7xx_hal_msp.c.obj
                0x08001580                HAL_UART_MspInit
 .text.HAL_PCD_MspInit
                0x08001640       0xf4 CMakeFiles/CraneGame.dir/Core/Src/stm32f7xx_hal_msp.c.obj
                0x08001640                HAL_PCD_MspInit
 .text.HAL_InitTick
                0x08001734       0xf4 CMakeFiles/CraneGame.dir/Core/Src/stm32f7xx_hal_timebase_tim.c.obj
                0x08001734                HAL_InitTick
 .text.__NVIC_SetPriorityGrouping
                0x08001828       0x48 CMakeFiles/CraneGame.dir/Drivers/STM32F7xx_HAL_Driver/Src/stm32f7xx_hal_cortex.c.obj
 .text.__NVIC_GetPriorityGrouping
                0x08001870       0x1c CMakeFiles/CraneGame.dir/Drivers/STM32F7xx_HAL_Driver/Src/stm32f7xx_hal_cortex.c.obj
 .text.__NVIC_EnableIRQ
                0x0800188c       0x3c CMakeFiles/CraneGame.dir/Drivers/STM32F7xx_HAL_Driver/Src/stm32f7xx_hal_cortex.c.obj
 .text.__NVIC_SetPriority
                0x080018c8       0x54 CMakeFiles/CraneGame.dir/Drivers/STM32F7xx_HAL_Driver/Src/stm32f7xx_hal_cortex.c.obj
 .text.NVIC_EncodePriority
                0x0800191c       0x66 CMakeFiles/CraneGame.dir/Drivers/STM32F7xx_HAL_Driver/Src/stm32f7xx_hal_cortex.c.obj
 .text.HAL_NVIC_SetPriorityGrouping
                0x08001982       0x16 CMakeFiles/CraneGame.dir/Drivers/STM32F7xx_HAL_Driver/Src/stm32f7xx_hal_cortex.c.obj
                0x08001982                HAL_NVIC_SetPriorityGrouping
 .text.HAL_NVIC_SetPriority
                0x08001998       0x38 CMakeFiles/CraneGame.dir/Drivers/STM32F7xx_HAL_Driver/Src/stm32f7xx_hal_cortex.c.obj
                0x08001998                HAL_NVIC_SetPriority
 .text.HAL_NVIC_EnableIRQ
                0x080019d0       0x1c CMakeFiles/CraneGame.dir/Drivers/STM32F7xx_HAL_Driver/Src/stm32f7xx_hal_cortex.c.obj
                0x080019d0                HAL_NVIC_EnableIRQ
 .text.HAL_RCC_OscConfig
                0x080019ec      0x55c CMakeFiles/CraneGame.dir/Drivers/STM32F7xx_HAL_Driver/Src/stm32f7xx_hal_rcc.c.obj
                0x080019ec                HAL_RCC_OscConfig
 .text.HAL_RCC_ClockConfig
                0x08001f48      0x1d8 CMakeFiles/CraneGame.dir/Drivers/STM32F7xx_HAL_Driver/Src/stm32f7xx_hal_rcc.c.obj
                0x08001f48                HAL_RCC_ClockConfig
 .text.HAL_RCC_GetSysClockFreq
                0x08002120      0x20c CMakeFiles/CraneGame.dir/Drivers/STM32F7xx_HAL_Driver/Src/stm32f7xx_hal_rcc.c.obj
                0x08002120                HAL_RCC_GetSysClockFreq
 .text.HAL_RCC_GetHCLKFreq
                0x0800232c       0x18 CMakeFiles/CraneGame.dir/Drivers/STM32F7xx_HAL_Driver/Src/stm32f7xx_hal_rcc.c.obj
                0x0800232c                HAL_RCC_GetHCLKFreq
 .text.HAL_RCC_GetPCLK1Freq
                0x08002344       0x28 CMakeFiles/CraneGame.dir/Drivers/STM32F7xx_HAL_Driver/Src/stm32f7xx_hal_rcc.c.obj
                0x08002344                HAL_RCC_GetPCLK1Freq
 .text.HAL_RCC_GetPCLK2Freq
                0x0800236c       0x28 CMakeFiles/CraneGame.dir/Drivers/STM32F7xx_HAL_Driver/Src/stm32f7xx_hal_rcc.c.obj
                0x0800236c                HAL_RCC_GetPCLK2Freq
 .text.HAL_RCC_GetClockConfig
                0x08002394       0x64 CMakeFiles/CraneGame.dir/Drivers/STM32F7xx_HAL_Driver/Src/stm32f7xx_hal_rcc.c.obj
                0x08002394                HAL_RCC_GetClockConfig
 .text.HAL_RCCEx_PeriphCLKConfig
                0x080023f8      0x850 CMakeFiles/CraneGame.dir/Drivers/STM32F7xx_HAL_Driver/Src/stm32f7xx_hal_rcc_ex.c.obj
                0x080023f8                HAL_RCCEx_PeriphCLKConfig
 .text.HAL_GPIO_Init
                0x08002c48      0x358 CMakeFiles/CraneGame.dir/Drivers/STM32F7xx_HAL_Driver/Src/stm32f7xx_hal_gpio.c.obj
                0x08002c48                HAL_GPIO_Init
 .text.HAL_GPIO_ReadPin
                0x08002fa0       0x30 CMakeFiles/CraneGame.dir/Drivers/STM32F7xx_HAL_Driver/Src/stm32f7xx_hal_gpio.c.obj
                0x08002fa0                HAL_GPIO_ReadPin
 .text.HAL_GPIO_WritePin
                0x08002fd0       0x32 CMakeFiles/CraneGame.dir/Drivers/STM32F7xx_HAL_Driver/Src/stm32f7xx_hal_gpio.c.obj
                0x08002fd0                HAL_GPIO_WritePin
 *fill*         0x08003002        0x2 
 .text.HAL_PWR_EnableBkUpAccess
                0x08003004       0x20 CMakeFiles/CraneGame.dir/Drivers/STM32F7xx_HAL_Driver/Src/stm32f7xx_hal_pwr.c.obj
                0x08003004                HAL_PWR_EnableBkUpAccess
 .text.HAL_Init
                0x08003024       0x1a CMakeFiles/CraneGame.dir/Drivers/STM32F7xx_HAL_Driver/Src/stm32f7xx_hal.c.obj
                0x08003024                HAL_Init
 *fill*         0x0800303e        0x2 
 .text.HAL_IncTick
                0x08003040       0x28 CMakeFiles/CraneGame.dir/Drivers/STM32F7xx_HAL_Driver/Src/stm32f7xx_hal.c.obj
                0x08003040                HAL_IncTick
 .text.HAL_GetTick
                0x08003068       0x18 CMakeFiles/CraneGame.dir/Drivers/STM32F7xx_HAL_Driver/Src/stm32f7xx_hal.c.obj
                0x08003068                HAL_GetTick
 .text.HAL_Delay
                0x08003080       0x48 CMakeFiles/CraneGame.dir/Drivers/STM32F7xx_HAL_Driver/Src/stm32f7xx_hal.c.obj
                0x08003080                HAL_Delay
 .text.HAL_TIM_Base_Init
                0x080030c8       0xae CMakeFiles/CraneGame.dir/Drivers/STM32F7xx_HAL_Driver/Src/stm32f7xx_hal_tim.c.obj
                0x080030c8                HAL_TIM_Base_Init
 .text.HAL_TIM_Base_MspInit
                0x08003176       0x14 CMakeFiles/CraneGame.dir/Drivers/STM32F7xx_HAL_Driver/Src/stm32f7xx_hal_tim.c.obj
                0x08003176                HAL_TIM_Base_MspInit
 *fill*         0x0800318a        0x2 
 .text.HAL_TIM_Base_Start_IT
                0x0800318c       0xf0 CMakeFiles/CraneGame.dir/Drivers/STM32F7xx_HAL_Driver/Src/stm32f7xx_hal_tim.c.obj
                0x0800318c                HAL_TIM_Base_Start_IT
 .text.HAL_TIM_PWM_Init
                0x0800327c       0xae CMakeFiles/CraneGame.dir/Drivers/STM32F7xx_HAL_Driver/Src/stm32f7xx_hal_tim.c.obj
                0x0800327c                HAL_TIM_PWM_Init
 *fill*         0x0800332a        0x2 
 .text.HAL_TIM_PWM_Start
                0x0800332c      0x1f4 CMakeFiles/CraneGame.dir/Drivers/STM32F7xx_HAL_Driver/Src/stm32f7xx_hal_tim.c.obj
                0x0800332c                HAL_TIM_PWM_Start
 .text.HAL_TIM_IRQHandler
                0x08003520      0x20e CMakeFiles/CraneGame.dir/Drivers/STM32F7xx_HAL_Driver/Src/stm32f7xx_hal_tim.c.obj
                0x08003520                HAL_TIM_IRQHandler
 *fill*         0x0800372e        0x2 
 .text.HAL_TIM_PWM_ConfigChannel
                0x08003730      0x228 CMakeFiles/CraneGame.dir/Drivers/STM32F7xx_HAL_Driver/Src/stm32f7xx_hal_tim.c.obj
                0x08003730                HAL_TIM_PWM_ConfigChannel
 .text.HAL_TIM_OC_DelayElapsedCallback
                0x08003958       0x14 CMakeFiles/CraneGame.dir/Drivers/STM32F7xx_HAL_Driver/Src/stm32f7xx_hal_tim.c.obj
                0x08003958                HAL_TIM_OC_DelayElapsedCallback
 .text.HAL_TIM_IC_CaptureCallback
                0x0800396c       0x14 CMakeFiles/CraneGame.dir/Drivers/STM32F7xx_HAL_Driver/Src/stm32f7xx_hal_tim.c.obj
                0x0800396c                HAL_TIM_IC_CaptureCallback
 .text.HAL_TIM_PWM_PulseFinishedCallback
                0x08003980       0x14 CMakeFiles/CraneGame.dir/Drivers/STM32F7xx_HAL_Driver/Src/stm32f7xx_hal_tim.c.obj
                0x08003980                HAL_TIM_PWM_PulseFinishedCallback
 .text.HAL_TIM_TriggerCallback
                0x08003994       0x14 CMakeFiles/CraneGame.dir/Drivers/STM32F7xx_HAL_Driver/Src/stm32f7xx_hal_tim.c.obj
                0x08003994                HAL_TIM_TriggerCallback
 .text.TIM_Base_SetConfig
                0x080039a8      0x158 CMakeFiles/CraneGame.dir/Drivers/STM32F7xx_HAL_Driver/Src/stm32f7xx_hal_tim.c.obj
                0x080039a8                TIM_Base_SetConfig
 .text.TIM_OC1_SetConfig
                0x08003b00       0xe4 CMakeFiles/CraneGame.dir/Drivers/STM32F7xx_HAL_Driver/Src/stm32f7xx_hal_tim.c.obj
 .text.TIM_OC2_SetConfig
                0x08003be4       0xf0 CMakeFiles/CraneGame.dir/Drivers/STM32F7xx_HAL_Driver/Src/stm32f7xx_hal_tim.c.obj
                0x08003be4                TIM_OC2_SetConfig
 .text.TIM_OC3_SetConfig
                0x08003cd4       0xec CMakeFiles/CraneGame.dir/Drivers/STM32F7xx_HAL_Driver/Src/stm32f7xx_hal_tim.c.obj
 .text.TIM_OC4_SetConfig
                0x08003dc0       0xb0 CMakeFiles/CraneGame.dir/Drivers/STM32F7xx_HAL_Driver/Src/stm32f7xx_hal_tim.c.obj
 .text.TIM_OC5_SetConfig
                0x08003e70       0xa4 CMakeFiles/CraneGame.dir/Drivers/STM32F7xx_HAL_Driver/Src/stm32f7xx_hal_tim.c.obj
 .text.TIM_OC6_SetConfig
                0x08003f14       0xa8 CMakeFiles/CraneGame.dir/Drivers/STM32F7xx_HAL_Driver/Src/stm32f7xx_hal_tim.c.obj
 .text.TIM_CCxChannelCmd
                0x08003fbc       0x4a CMakeFiles/CraneGame.dir/Drivers/STM32F7xx_HAL_Driver/Src/stm32f7xx_hal_tim.c.obj
                0x08003fbc                TIM_CCxChannelCmd
 *fill*         0x08004006        0x2 
 .text.HAL_TIMEx_MasterConfigSynchronization
                0x08004008      0x11c CMakeFiles/CraneGame.dir/Drivers/STM32F7xx_HAL_Driver/Src/stm32f7xx_hal_tim_ex.c.obj
                0x08004008                HAL_TIMEx_MasterConfigSynchronization
 .text.HAL_TIMEx_ConfigBreakDeadTime
                0x08004124       0xfc CMakeFiles/CraneGame.dir/Drivers/STM32F7xx_HAL_Driver/Src/stm32f7xx_hal_tim_ex.c.obj
                0x08004124                HAL_TIMEx_ConfigBreakDeadTime
 .text.HAL_TIMEx_CommutCallback
                0x08004220       0x14 CMakeFiles/CraneGame.dir/Drivers/STM32F7xx_HAL_Driver/Src/stm32f7xx_hal_tim_ex.c.obj
                0x08004220                HAL_TIMEx_CommutCallback
 .text.HAL_TIMEx_BreakCallback
                0x08004234       0x14 CMakeFiles/CraneGame.dir/Drivers/STM32F7xx_HAL_Driver/Src/stm32f7xx_hal_tim_ex.c.obj
                0x08004234                HAL_TIMEx_BreakCallback
 .text.HAL_TIMEx_Break2Callback
                0x08004248       0x14 CMakeFiles/CraneGame.dir/Drivers/STM32F7xx_HAL_Driver/Src/stm32f7xx_hal_tim_ex.c.obj
                0x08004248                HAL_TIMEx_Break2Callback
 .text.HAL_UART_Init
                0x0800425c       0x9c CMakeFiles/CraneGame.dir/Drivers/STM32F7xx_HAL_Driver/Src/stm32f7xx_hal_uart.c.obj
                0x0800425c                HAL_UART_Init
 .text.UART_SetConfig
                0x080042f8      0x4c8 CMakeFiles/CraneGame.dir/Drivers/STM32F7xx_HAL_Driver/Src/stm32f7xx_hal_uart.c.obj
                0x080042f8                UART_SetConfig
 .text.UART_AdvFeatureConfig
                0x080047c0      0x144 CMakeFiles/CraneGame.dir/Drivers/STM32F7xx_HAL_Driver/Src/stm32f7xx_hal_uart.c.obj
                0x080047c0                UART_AdvFeatureConfig
 .text.UART_CheckIdleState
                0x08004904      0x150 CMakeFiles/CraneGame.dir/Drivers/STM32F7xx_HAL_Driver/Src/stm32f7xx_hal_uart.c.obj
                0x08004904                UART_CheckIdleState
 .text.UART_WaitOnFlagUntilTimeout
                0x08004a54       0xda CMakeFiles/CraneGame.dir/Drivers/STM32F7xx_HAL_Driver/Src/stm32f7xx_hal_uart.c.obj
                0x08004a54                UART_WaitOnFlagUntilTimeout
 .text.UART_EndRxTransfer
                0x08004b2e       0xc8 CMakeFiles/CraneGame.dir/Drivers/STM32F7xx_HAL_Driver/Src/stm32f7xx_hal_uart.c.obj
 .text.HAL_PCD_Init
                0x08004bf6      0x22c CMakeFiles/CraneGame.dir/Drivers/STM32F7xx_HAL_Driver/Src/stm32f7xx_hal_pcd.c.obj
                0x08004bf6                HAL_PCD_Init
 *fill*         0x08004e22        0x2 
 .text.HAL_PCDEx_ActivateLPM
                0x08004e24       0x48 CMakeFiles/CraneGame.dir/Drivers/STM32F7xx_HAL_Driver/Src/stm32f7xx_hal_pcd_ex.c.obj
                0x08004e24                HAL_PCDEx_ActivateLPM
 .text.USB_CoreInit
                0x08004e6c       0xb4 CMakeFiles/CraneGame.dir/Drivers/STM32F7xx_HAL_Driver/Src/stm32f7xx_ll_usb.c.obj
                0x08004e6c                USB_CoreInit
 .text.USB_DisableGlobalInt
                0x08004f20       0x22 CMakeFiles/CraneGame.dir/Drivers/STM32F7xx_HAL_Driver/Src/stm32f7xx_ll_usb.c.obj
                0x08004f20                USB_DisableGlobalInt
 .text.USB_SetCurrentMode
                0x08004f42       0x98 CMakeFiles/CraneGame.dir/Drivers/STM32F7xx_HAL_Driver/Src/stm32f7xx_ll_usb.c.obj
                0x08004f42                USB_SetCurrentMode
 *fill*         0x08004fda        0x2 
 .text.USB_DevInit
                0x08004fdc      0x2bc CMakeFiles/CraneGame.dir/Drivers/STM32F7xx_HAL_Driver/Src/stm32f7xx_ll_usb.c.obj
                0x08004fdc                USB_DevInit
 .text.USB_FlushTxFifo
                0x08005298       0x64 CMakeFiles/CraneGame.dir/Drivers/STM32F7xx_HAL_Driver/Src/stm32f7xx_ll_usb.c.obj
                0x08005298                USB_FlushTxFifo
 .text.USB_FlushRxFifo
                0x080052fc       0x5c CMakeFiles/CraneGame.dir/Drivers/STM32F7xx_HAL_Driver/Src/stm32f7xx_ll_usb.c.obj
                0x080052fc                USB_FlushRxFifo
 .text.USB_SetDevSpeed
                0x08005358       0x32 CMakeFiles/CraneGame.dir/Drivers/STM32F7xx_HAL_Driver/Src/stm32f7xx_ll_usb.c.obj
                0x08005358                USB_SetDevSpeed
 .text.USB_DevDisconnect
                0x0800538a       0x42 CMakeFiles/CraneGame.dir/Drivers/STM32F7xx_HAL_Driver/Src/stm32f7xx_ll_usb.c.obj
                0x0800538a                USB_DevDisconnect
 .text.USB_GetMode
                0x080053cc       0x1c CMakeFiles/CraneGame.dir/Drivers/STM32F7xx_HAL_Driver/Src/stm32f7xx_ll_usb.c.obj
                0x080053cc                USB_GetMode
 .text.USB_CoreReset
                0x080053e8       0x62 CMakeFiles/CraneGame.dir/Drivers/STM32F7xx_HAL_Driver/Src/stm32f7xx_ll_usb.c.obj
 *fill*         0x0800544a        0x2 
 .text.SystemInit
                0x0800544c       0x24 CMakeFiles/CraneGame.dir/Core/Src/system_stm32f7xx.c.obj
                0x0800544c                SystemInit
 .text.xEventGroupCreate
                0x08005470       0x34 CMakeFiles/CraneGame.dir/Middlewares/Third_Party/FreeRTOS/Source/event_groups.c.obj
                0x08005470                xEventGroupCreate
 .text.xEventGroupWaitBits
                0x080054a4      0x1b4 CMakeFiles/CraneGame.dir/Middlewares/Third_Party/FreeRTOS/Source/event_groups.c.obj
                0x080054a4                xEventGroupWaitBits
 .text.xEventGroupSetBits
                0x08005658      0x120 CMakeFiles/CraneGame.dir/Middlewares/Third_Party/FreeRTOS/Source/event_groups.c.obj
                0x08005658                xEventGroupSetBits
 .text.prvTestWaitCondition
                0x08005778       0x44 CMakeFiles/CraneGame.dir/Middlewares/Third_Party/FreeRTOS/Source/event_groups.c.obj
 .text.vListInitialise
                0x080057bc       0x40 CMakeFiles/CraneGame.dir/Middlewares/Third_Party/FreeRTOS/Source/list.c.obj
                0x080057bc                vListInitialise
 .text.vListInitialiseItem
                0x080057fc       0x1a CMakeFiles/CraneGame.dir/Middlewares/Third_Party/FreeRTOS/Source/list.c.obj
                0x080057fc                vListInitialiseItem
 .text.vListInsertEnd
                0x08005816       0x48 CMakeFiles/CraneGame.dir/Middlewares/Third_Party/FreeRTOS/Source/list.c.obj
                0x08005816                vListInsertEnd
 .text.vListInsert
                0x0800585e       0x72 CMakeFiles/CraneGame.dir/Middlewares/Third_Party/FreeRTOS/Source/list.c.obj
                0x0800585e                vListInsert
 .text.uxListRemove
                0x080058d0       0x54 CMakeFiles/CraneGame.dir/Middlewares/Third_Party/FreeRTOS/Source/list.c.obj
                0x080058d0                uxListRemove
 .text.xTaskCreateStatic
                0x08005924       0xcc CMakeFiles/CraneGame.dir/Middlewares/Third_Party/FreeRTOS/Source/tasks.c.obj
                0x08005924                xTaskCreateStatic
 .text.xTaskCreate
                0x080059f0       0x8a CMakeFiles/CraneGame.dir/Middlewares/Third_Party/FreeRTOS/Source/tasks.c.obj
                0x080059f0                xTaskCreate
 .text.prvInitialiseNewTask
                0x08005a7a      0x114 CMakeFiles/CraneGame.dir/Middlewares/Third_Party/FreeRTOS/Source/tasks.c.obj
 *fill*         0x08005b8e        0x2 
 .text.prvAddNewTaskToReadyList
                0x08005b90       0xd4 CMakeFiles/CraneGame.dir/Middlewares/Third_Party/FreeRTOS/Source/tasks.c.obj
 .text.vTaskDelay
                0x08005c64       0x70 CMakeFiles/CraneGame.dir/Middlewares/Third_Party/FreeRTOS/Source/tasks.c.obj
                0x08005c64                vTaskDelay
 .text.vTaskStartScheduler
                0x08005cd4       0xcc CMakeFiles/CraneGame.dir/Middlewares/Third_Party/FreeRTOS/Source/tasks.c.obj
                0x08005cd4                vTaskStartScheduler
 .text.vTaskSuspendAll
                0x08005da0       0x1c CMakeFiles/CraneGame.dir/Middlewares/Third_Party/FreeRTOS/Source/tasks.c.obj
                0x08005da0                vTaskSuspendAll
 .text.xTaskResumeAll
                0x08005dbc      0x140 CMakeFiles/CraneGame.dir/Middlewares/Third_Party/FreeRTOS/Source/tasks.c.obj
                0x08005dbc                xTaskResumeAll
 .text.xTaskIncrementTick
                0x08005efc      0x178 CMakeFiles/CraneGame.dir/Middlewares/Third_Party/FreeRTOS/Source/tasks.c.obj
                0x08005efc                xTaskIncrementTick
 .text.vTaskSwitchContext
                0x08006074       0xbc CMakeFiles/CraneGame.dir/Middlewares/Third_Party/FreeRTOS/Source/tasks.c.obj
                0x08006074                vTaskSwitchContext
 .text.vTaskPlaceOnUnorderedEventList
                0x08006130       0x84 CMakeFiles/CraneGame.dir/Middlewares/Third_Party/FreeRTOS/Source/tasks.c.obj
                0x08006130                vTaskPlaceOnUnorderedEventList
 .text.vTaskRemoveFromUnorderedEventList
                0x080061b4       0xd0 CMakeFiles/CraneGame.dir/Middlewares/Third_Party/FreeRTOS/Source/tasks.c.obj
                0x080061b4                vTaskRemoveFromUnorderedEventList
 .text.prvIdleTask
                0x08006284       0x30 CMakeFiles/CraneGame.dir/Middlewares/Third_Party/FreeRTOS/Source/tasks.c.obj
 .text.prvInitialiseTaskLists
                0x080062b4       0x80 CMakeFiles/CraneGame.dir/Middlewares/Third_Party/FreeRTOS/Source/tasks.c.obj
 .text.prvCheckTasksWaitingTermination
                0x08006334       0x5c CMakeFiles/CraneGame.dir/Middlewares/Third_Party/FreeRTOS/Source/tasks.c.obj
 .text.prvDeleteTCB
                0x08006390       0x64 CMakeFiles/CraneGame.dir/Middlewares/Third_Party/FreeRTOS/Source/tasks.c.obj
 .text.prvResetNextTaskUnblockTime
                0x080063f4       0x40 CMakeFiles/CraneGame.dir/Middlewares/Third_Party/FreeRTOS/Source/tasks.c.obj
 .text.xTaskGetSchedulerState
                0x08006434       0x3c CMakeFiles/CraneGame.dir/Middlewares/Third_Party/FreeRTOS/Source/tasks.c.obj
                0x08006434                xTaskGetSchedulerState
 .text.uxTaskResetEventItemValue
                0x08006470       0x30 CMakeFiles/CraneGame.dir/Middlewares/Third_Party/FreeRTOS/Source/tasks.c.obj
                0x08006470                uxTaskResetEventItemValue
 .text.prvAddCurrentTaskToDelayedList
                0x080064a0       0xcc CMakeFiles/CraneGame.dir/Middlewares/Third_Party/FreeRTOS/Source/tasks.c.obj
 .text.makeFreeRtosPriority
                0x0800656c       0x30 CMakeFiles/CraneGame.dir/Middlewares/Third_Party/FreeRTOS/Source/CMSIS_RTOS/cmsis_os.c.obj
 .text.osKernelStart
                0x0800659c        0xe CMakeFiles/CraneGame.dir/Middlewares/Third_Party/FreeRTOS/Source/CMSIS_RTOS/cmsis_os.c.obj
                0x0800659c                osKernelStart
 .text.osThreadCreate
                0x080065aa       0x98 CMakeFiles/CraneGame.dir/Middlewares/Third_Party/FreeRTOS/Source/CMSIS_RTOS/cmsis_os.c.obj
                0x080065aa                osThreadCreate
 *fill*         0x08006642        0x2 
 .text.pvPortMalloc
                0x08006644      0x19c CMakeFiles/CraneGame.dir/Middlewares/Third_Party/FreeRTOS/Source/portable/MemMang/heap_4.c.obj
                0x08006644                pvPortMalloc
 .text.vPortFree
                0x080067e0       0xc0 CMakeFiles/CraneGame.dir/Middlewares/Third_Party/FreeRTOS/Source/portable/MemMang/heap_4.c.obj
                0x080067e0                vPortFree
 .text.prvHeapInit
                0x080068a0       0xc4 CMakeFiles/CraneGame.dir/Middlewares/Third_Party/FreeRTOS/Source/portable/MemMang/heap_4.c.obj
 .text.prvInsertBlockIntoFreeList
                0x08006964       0xb4 CMakeFiles/CraneGame.dir/Middlewares/Third_Party/FreeRTOS/Source/portable/MemMang/heap_4.c.obj
 .text.pxPortInitialiseStack
                0x08006a18       0x68 CMakeFiles/CraneGame.dir/Middlewares/Third_Party/FreeRTOS/Source/portable/GCC/ARM_CM7/r0p1/port.c.obj
                0x08006a18                pxPortInitialiseStack
 .text.prvTaskExitError
                0x08006a80       0x64 CMakeFiles/CraneGame.dir/Middlewares/Third_Party/FreeRTOS/Source/portable/GCC/ARM_CM7/r0p1/port.c.obj
 *fill*         0x08006ae4        0xc 
 .text.SVC_Handler
                0x08006af0       0x28 CMakeFiles/CraneGame.dir/Middlewares/Third_Party/FreeRTOS/Source/portable/GCC/ARM_CM7/r0p1/port.c.obj
                0x08006af0                SVC_Handler
 .text.prvPortStartFirstTask
                0x08006b18       0x28 CMakeFiles/CraneGame.dir/Middlewares/Third_Party/FreeRTOS/Source/portable/GCC/ARM_CM7/r0p1/port.c.obj
 .text.xPortStartScheduler
                0x08006b40       0xfc CMakeFiles/CraneGame.dir/Middlewares/Third_Party/FreeRTOS/Source/portable/GCC/ARM_CM7/r0p1/port.c.obj
                0x08006b40                xPortStartScheduler
 .text.vPortEnterCritical
                0x08006c3c       0x6c CMakeFiles/CraneGame.dir/Middlewares/Third_Party/FreeRTOS/Source/portable/GCC/ARM_CM7/r0p1/port.c.obj
                0x08006c3c                vPortEnterCritical
 .text.vPortExitCritical
                0x08006ca8       0x58 CMakeFiles/CraneGame.dir/Middlewares/Third_Party/FreeRTOS/Source/portable/GCC/ARM_CM7/r0p1/port.c.obj
                0x08006ca8                vPortExitCritical
 .text.PendSV_Handler
                0x08006d00       0x68 CMakeFiles/CraneGame.dir/Middlewares/Third_Party/FreeRTOS/Source/portable/GCC/ARM_CM7/r0p1/port.c.obj
                0x08006d00                PendSV_Handler
 .text.SysTick_Handler
                0x08006d68       0x48 CMakeFiles/CraneGame.dir/Middlewares/Third_Party/FreeRTOS/Source/portable/GCC/ARM_CM7/r0p1/port.c.obj
                0x08006d68                SysTick_Handler
 .text.vPortSetupTimerInterrupt
                0x08006db0       0x48 CMakeFiles/CraneGame.dir/Middlewares/Third_Party/FreeRTOS/Source/portable/GCC/ARM_CM7/r0p1/port.c.obj
                0x08006db0                vPortSetupTimerInterrupt
 .text.vPortEnableVFP
                0x08006df8       0x14 CMakeFiles/CraneGame.dir/Middlewares/Third_Party/FreeRTOS/Source/portable/GCC/ARM_CM7/r0p1/port.c.obj
 .text.Reset_Handler
                0x08006e0c       0x50 CMakeFiles/CraneGame.dir/startup_stm32f767xx.s.obj
                0x08006e0c                Reset_Handler
 .text.Default_Handler
                0x08006e5c        0x2 CMakeFiles/CraneGame.dir/startup_stm32f767xx.s.obj
                0x08006e5c                RTC_Alarm_IRQHandler
                0x08006e5c                EXTI2_IRQHandler
                0x08006e5c                TIM8_CC_IRQHandler
                0x08006e5c                UART8_IRQHandler
                0x08006e5c                SPI4_IRQHandler
                0x08006e5c                TIM1_CC_IRQHandler
                0x08006e5c                DMA2_Stream5_IRQHandler
                0x08006e5c                JPEG_IRQHandler
                0x08006e5c                DMA1_Stream5_IRQHandler
                0x08006e5c                CAN3_RX1_IRQHandler
                0x08006e5c                PVD_IRQHandler
                0x08006e5c                TAMP_STAMP_IRQHandler
                0x08006e5c                CAN2_RX1_IRQHandler
                0x08006e5c                EXTI3_IRQHandler
                0x08006e5c                DFSDM1_FLT1_IRQHandler
                0x08006e5c                TIM1_UP_TIM10_IRQHandler
                0x08006e5c                TIM8_UP_TIM13_IRQHandler
                0x08006e5c                I2C3_ER_IRQHandler
                0x08006e5c                DFSDM1_FLT2_IRQHandler
                0x08006e5c                EXTI0_IRQHandler
                0x08006e5c                I2C2_EV_IRQHandler
                0x08006e5c                DMA1_Stream2_IRQHandler
                0x08006e5c                CAN1_RX0_IRQHandler
                0x08006e5c                FPU_IRQHandler
                0x08006e5c                OTG_HS_WKUP_IRQHandler
                0x08006e5c                CAN3_SCE_IRQHandler
                0x08006e5c                LTDC_ER_IRQHandler
                0x08006e5c                CAN2_SCE_IRQHandler
                0x08006e5c                DMA2_Stream2_IRQHandler
                0x08006e5c                SPI1_IRQHandler
                0x08006e5c                TIM6_DAC_IRQHandler
                0x08006e5c                TIM1_BRK_TIM9_IRQHandler
                0x08006e5c                DCMI_IRQHandler
                0x08006e5c                CAN2_RX0_IRQHandler
                0x08006e5c                DMA2_Stream3_IRQHandler
                0x08006e5c                SAI2_IRQHandler
                0x08006e5c                DFSDM1_FLT3_IRQHandler
                0x08006e5c                USART6_IRQHandler
                0x08006e5c                CAN3_RX0_IRQHandler
                0x08006e5c                USART3_IRQHandler
                0x08006e5c                CAN1_RX1_IRQHandler
                0x08006e5c                UART5_IRQHandler
                0x08006e5c                DMA2_Stream0_IRQHandler
                0x08006e5c                TIM4_IRQHandler
                0x08006e5c                QUADSPI_IRQHandler
                0x08006e5c                I2C1_EV_IRQHandler
                0x08006e5c                DMA1_Stream6_IRQHandler
                0x08006e5c                DMA1_Stream1_IRQHandler
                0x08006e5c                UART4_IRQHandler
                0x08006e5c                TIM3_IRQHandler
                0x08006e5c                RCC_IRQHandler
                0x08006e5c                TIM8_BRK_TIM12_IRQHandler
                0x08006e5c                Default_Handler
                0x08006e5c                CEC_IRQHandler
                0x08006e5c                EXTI15_10_IRQHandler
                0x08006e5c                ADC_IRQHandler
                0x08006e5c                DMA1_Stream7_IRQHandler
                0x08006e5c                SPI5_IRQHandler
                0x08006e5c                TIM7_IRQHandler
                0x08006e5c                SDMMC1_IRQHandler
                0x08006e5c                CAN2_TX_IRQHandler
                0x08006e5c                TIM5_IRQHandler
                0x08006e5c                DMA2_Stream7_IRQHandler
                0x08006e5c                I2C3_EV_IRQHandler
                0x08006e5c                EXTI9_5_IRQHandler
                0x08006e5c                RTC_WKUP_IRQHandler
                0x08006e5c                LTDC_IRQHandler
                0x08006e5c                ETH_WKUP_IRQHandler
                0x08006e5c                SPDIF_RX_IRQHandler
                0x08006e5c                SPI2_IRQHandler
                0x08006e5c                OTG_HS_EP1_IN_IRQHandler
                0x08006e5c                DMA1_Stream0_IRQHandler
                0x08006e5c                CAN1_TX_IRQHandler
                0x08006e5c                EXTI4_IRQHandler
                0x08006e5c                RNG_IRQHandler
                0x08006e5c                ETH_IRQHandler
                0x08006e5c                OTG_HS_EP1_OUT_IRQHandler
                0x08006e5c                WWDG_IRQHandler
                0x08006e5c                SPI6_IRQHandler
                0x08006e5c                MDIOS_IRQHandler
                0x08006e5c                I2C4_EV_IRQHandler
                0x08006e5c                CAN3_TX_IRQHandler
                0x08006e5c                TIM2_IRQHandler
                0x08006e5c                OTG_FS_WKUP_IRQHandler
                0x08006e5c                TIM1_TRG_COM_TIM11_IRQHandler
                0x08006e5c                OTG_HS_IRQHandler
                0x08006e5c                DMA2D_IRQHandler
                0x08006e5c                EXTI1_IRQHandler
                0x08006e5c                SDMMC2_IRQHandler
                0x08006e5c                UART7_IRQHandler
                0x08006e5c                USART2_IRQHandler
                0x08006e5c                DFSDM1_FLT0_IRQHandler
                0x08006e5c                I2C2_ER_IRQHandler
                0x08006e5c                DMA2_Stream1_IRQHandler
                0x08006e5c                CAN1_SCE_IRQHandler
                0x08006e5c                FLASH_IRQHandler
                0x08006e5c                DMA2_Stream4_IRQHandler
                0x08006e5c                USART1_IRQHandler
                0x08006e5c                OTG_FS_IRQHandler
                0x08006e5c                SPI3_IRQHandler
                0x08006e5c                DMA1_Stream4_IRQHandler
                0x08006e5c                I2C1_ER_IRQHandler
                0x08006e5c                FMC_IRQHandler
                0x08006e5c                LPTIM1_IRQHandler
                0x08006e5c                I2C4_ER_IRQHandler
                0x08006e5c                DMA2_Stream6_IRQHandler
                0x08006e5c                SAI1_IRQHandler
                0x08006e5c                DMA1_Stream3_IRQHandler
 *(.glue_7)
 .glue_7        0x08006e5e        0x0 linker stubs
 *(.glue_7t)
 .glue_7t       0x08006e5e        0x0 linker stubs
 *(.eh_frame)
 *fill*         0x08006e5e        0x2 
 .eh_frame      0x08006e60        0x0 C:/Develop/software/STM32CubeCLT_1.16.0/GNU-tools-for-STM32/bin/../lib/gcc/arm-none-eabi/12.3.1/thumb/v7e-m+dp/hard/crtbegin.o
 *(.init)
 .init          0x08006e60        0x4 C:/Develop/software/STM32CubeCLT_1.16.0/GNU-tools-for-STM32/bin/../lib/gcc/arm-none-eabi/12.3.1/thumb/v7e-m+dp/hard/crti.o
                0x08006e60                _init
 .init          0x08006e64        0x8 C:/Develop/software/STM32CubeCLT_1.16.0/GNU-tools-for-STM32/bin/../lib/gcc/arm-none-eabi/12.3.1/thumb/v7e-m+dp/hard/crtn.o
 *(.fini)
 .fini          0x08006e6c        0x4 C:/Develop/software/STM32CubeCLT_1.16.0/GNU-tools-for-STM32/bin/../lib/gcc/arm-none-eabi/12.3.1/thumb/v7e-m+dp/hard/crti.o
                0x08006e6c                _fini
 .fini          0x08006e70        0x8 C:/Develop/software/STM32CubeCLT_1.16.0/GNU-tools-for-STM32/bin/../lib/gcc/arm-none-eabi/12.3.1/thumb/v7e-m+dp/hard/crtn.o
                0x08006e78                        . = ALIGN (0x4)
                0x08006e78                        _etext = .

.vfp11_veneer   0x08006e78        0x0
 .vfp11_veneer  0x08006e78        0x0 linker stubs

.v4_bx          0x08006e78        0x0
 .v4_bx         0x08006e78        0x0 linker stubs

.iplt           0x08006e78        0x0
 .iplt          0x08006e78        0x0 C:/Develop/software/STM32CubeCLT_1.16.0/GNU-tools-for-STM32/bin/../lib/gcc/arm-none-eabi/12.3.1/thumb/v7e-m+dp/hard/crtbegin.o

.rodata         0x08006e78       0x94
                0x08006e78                        . = ALIGN (0x4)
 *(.rodata)
 .rodata        0x08006e78       0x74 CMakeFiles/CraneGame.dir/Core/Src/main.c.obj
 .rodata        0x08006eec        0x5 CMakeFiles/CraneGame.dir/Middlewares/Third_Party/FreeRTOS/Source/tasks.c.obj
 *(.rodata*)
 *fill*         0x08006ef1        0x3 
 .rodata.AHBPrescTable
                0x08006ef4       0x10 CMakeFiles/CraneGame.dir/Core/Src/system_stm32f7xx.c.obj
                0x08006ef4                AHBPrescTable
 .rodata.APBPrescTable
                0x08006f04        0x8 CMakeFiles/CraneGame.dir/Core/Src/system_stm32f7xx.c.obj
                0x08006f04                APBPrescTable
                0x08006f0c                        . = ALIGN (0x4)

.ARM.extab
 *(.ARM.extab* .gnu.linkonce.armextab.*)

.ARM            0x08006f0c        0x8
                0x08006f0c                        __exidx_start = .
 *(.ARM.exidx*)
 .ARM.exidx     0x08006f0c        0x8 C:/Develop/software/STM32CubeCLT_1.16.0/GNU-tools-for-STM32/bin/../lib/gcc/arm-none-eabi/12.3.1/thumb/v7e-m+dp/hard\libgcc.a(_udivmoddi4.o)
                0x08006f14                        __exidx_end = .

.rel.dyn        0x08006f14        0x0
 .rel.iplt      0x08006f14        0x0 C:/Develop/software/STM32CubeCLT_1.16.0/GNU-tools-for-STM32/bin/../lib/gcc/arm-none-eabi/12.3.1/thumb/v7e-m+dp/hard/crtbegin.o

.preinit_array  0x08006f14        0x0
                0x08006f14                        PROVIDE (__preinit_array_start = .)
 *(.preinit_array*)
                0x08006f14                        PROVIDE (__preinit_array_end = .)

.init_array     0x08006f14        0x4
                0x08006f14                        PROVIDE (__init_array_start = .)
 *(SORT_BY_NAME(.init_array.*))
 *(.init_array*)
 .init_array    0x08006f14        0x4 C:/Develop/software/STM32CubeCLT_1.16.0/GNU-tools-for-STM32/bin/../lib/gcc/arm-none-eabi/12.3.1/thumb/v7e-m+dp/hard/crtbegin.o
                0x08006f18                        PROVIDE (__init_array_end = .)

.fini_array     0x08006f18        0x4
                [!provide]                        PROVIDE (__fini_array_start = .)
 *(SORT_BY_NAME(.fini_array.*))
 *(.fini_array*)
 .fini_array    0x08006f18        0x4 C:/Develop/software/STM32CubeCLT_1.16.0/GNU-tools-for-STM32/bin/../lib/gcc/arm-none-eabi/12.3.1/thumb/v7e-m+dp/hard/crtbegin.o
                [!provide]                        PROVIDE (__fini_array_end = .)
                0x08006f1c                        _sidata = LOADADDR (.data)

.data           0x20000000       0x10 load address 0x08006f1c
                0x20000000                        . = ALIGN (0x4)
                0x20000000                        _sdata = .
 *(.data)
 *(.data*)
 .data.uwTickPrio
                0x20000000        0x4 CMakeFiles/CraneGame.dir/Drivers/STM32F7xx_HAL_Driver/Src/stm32f7xx_hal.c.obj
                0x20000000                uwTickPrio
 .data.uwTickFreq
                0x20000004        0x1 CMakeFiles/CraneGame.dir/Drivers/STM32F7xx_HAL_Driver/Src/stm32f7xx_hal.c.obj
                0x20000004                uwTickFreq
 *fill*         0x20000005        0x3 
 .data.SystemCoreClock
                0x20000008        0x4 CMakeFiles/CraneGame.dir/Core/Src/system_stm32f7xx.c.obj
                0x20000008                SystemCoreClock
 .data.uxCriticalNesting
                0x2000000c        0x4 CMakeFiles/CraneGame.dir/Middlewares/Third_Party/FreeRTOS/Source/portable/GCC/ARM_CM7/r0p1/port.c.obj
                0x20000010                        . = ALIGN (0x4)
                0x20000010                        _edata = .

.igot.plt       0x20000010        0x0 load address 0x08006f2c
 .igot.plt      0x20000010        0x0 C:/Develop/software/STM32CubeCLT_1.16.0/GNU-tools-for-STM32/bin/../lib/gcc/arm-none-eabi/12.3.1/thumb/v7e-m+dp/hard/crtbegin.o
                0x20000010                        . = ALIGN (0x4)

.bss            0x20000010     0x4624 load address 0x08006f2c
                0x20000010                        _sbss = .
                0x20000010                        __bss_start__ = _sbss
 *(.bss)
 .bss           0x20000010       0x1c C:/Develop/software/STM32CubeCLT_1.16.0/GNU-tools-for-STM32/bin/../lib/gcc/arm-none-eabi/12.3.1/thumb/v7e-m+dp/hard/crtbegin.o
 *(.bss*)
 .bss.htim1     0x2000002c       0x4c CMakeFiles/CraneGame.dir/Core/Src/main.c.obj
                0x2000002c                htim1
 .bss.htim3     0x20000078       0x4c CMakeFiles/CraneGame.dir/Core/Src/main.c.obj
                0x20000078                htim3
 .bss.huart3    0x200000c4       0x88 CMakeFiles/CraneGame.dir/Core/Src/main.c.obj
                0x200000c4                huart3
 .bss.hpcd_USB_OTG_FS
                0x2000014c      0x4e0 CMakeFiles/CraneGame.dir/Core/Src/main.c.obj
                0x2000014c                hpcd_USB_OTG_FS
 .bss.defaultTaskHandle
                0x2000062c        0x4 CMakeFiles/CraneGame.dir/Core/Src/main.c.obj
                0x2000062c                defaultTaskHandle
 .bss.XDC_PWM_CCR
                0x20000630        0x4 CMakeFiles/CraneGame.dir/Core/Src/main.c.obj
                0x20000630                XDC_PWM_CCR
 .bss.YDC_PWM_CCR
                0x20000634        0x4 CMakeFiles/CraneGame.dir/Core/Src/main.c.obj
                0x20000634                YDC_PWM_CCR
 .bss.ZDC_PWM_CCR
                0x20000638        0x4 CMakeFiles/CraneGame.dir/Core/Src/main.c.obj
                0x20000638                ZDC_PWM_CCR
 .bss.SERVO_PWM_CCR
                0x2000063c        0x4 CMakeFiles/CraneGame.dir/Core/Src/main.c.obj
                0x2000063c                SERVO_PWM_CCR
 .bss.task_event
                0x20000640        0x4 CMakeFiles/CraneGame.dir/Core/Src/main.c.obj
                0x20000640                task_event
 .bss.xIdleTaskTCBBuffer
                0x20000644       0x54 CMakeFiles/CraneGame.dir/Core/Src/freertos.c.obj
 .bss.xIdleStack
                0x20000698      0x200 CMakeFiles/CraneGame.dir/Core/Src/freertos.c.obj
 .bss.htim14    0x20000898       0x4c CMakeFiles/CraneGame.dir/Core/Src/stm32f7xx_hal_timebase_tim.c.obj
                0x20000898                htim14
 .bss.uwTick    0x200008e4        0x4 CMakeFiles/CraneGame.dir/Drivers/STM32F7xx_HAL_Driver/Src/stm32f7xx_hal.c.obj
                0x200008e4                uwTick
 .bss.pxCurrentTCB
                0x200008e8        0x4 CMakeFiles/CraneGame.dir/Middlewares/Third_Party/FreeRTOS/Source/tasks.c.obj
                0x200008e8                pxCurrentTCB
 .bss.pxReadyTasksLists
                0x200008ec       0x8c CMakeFiles/CraneGame.dir/Middlewares/Third_Party/FreeRTOS/Source/tasks.c.obj
 .bss.xDelayedTaskList1
                0x20000978       0x14 CMakeFiles/CraneGame.dir/Middlewares/Third_Party/FreeRTOS/Source/tasks.c.obj
 .bss.xDelayedTaskList2
                0x2000098c       0x14 CMakeFiles/CraneGame.dir/Middlewares/Third_Party/FreeRTOS/Source/tasks.c.obj
 .bss.pxDelayedTaskList
                0x200009a0        0x4 CMakeFiles/CraneGame.dir/Middlewares/Third_Party/FreeRTOS/Source/tasks.c.obj
 .bss.pxOverflowDelayedTaskList
                0x200009a4        0x4 CMakeFiles/CraneGame.dir/Middlewares/Third_Party/FreeRTOS/Source/tasks.c.obj
 .bss.xPendingReadyList
                0x200009a8       0x14 CMakeFiles/CraneGame.dir/Middlewares/Third_Party/FreeRTOS/Source/tasks.c.obj
 .bss.xTasksWaitingTermination
                0x200009bc       0x14 CMakeFiles/CraneGame.dir/Middlewares/Third_Party/FreeRTOS/Source/tasks.c.obj
 .bss.uxDeletedTasksWaitingCleanUp
                0x200009d0        0x4 CMakeFiles/CraneGame.dir/Middlewares/Third_Party/FreeRTOS/Source/tasks.c.obj
 .bss.xSuspendedTaskList
                0x200009d4       0x14 CMakeFiles/CraneGame.dir/Middlewares/Third_Party/FreeRTOS/Source/tasks.c.obj
 .bss.uxCurrentNumberOfTasks
                0x200009e8        0x4 CMakeFiles/CraneGame.dir/Middlewares/Third_Party/FreeRTOS/Source/tasks.c.obj
 .bss.xTickCount
                0x200009ec        0x4 CMakeFiles/CraneGame.dir/Middlewares/Third_Party/FreeRTOS/Source/tasks.c.obj
 .bss.uxTopReadyPriority
                0x200009f0        0x4 CMakeFiles/CraneGame.dir/Middlewares/Third_Party/FreeRTOS/Source/tasks.c.obj
 .bss.xSchedulerRunning
                0x200009f4        0x4 CMakeFiles/CraneGame.dir/Middlewares/Third_Party/FreeRTOS/Source/tasks.c.obj
 .bss.uxPendedTicks
                0x200009f8        0x4 CMakeFiles/CraneGame.dir/Middlewares/Third_Party/FreeRTOS/Source/tasks.c.obj
 .bss.xYieldPending
                0x200009fc        0x4 CMakeFiles/CraneGame.dir/Middlewares/Third_Party/FreeRTOS/Source/tasks.c.obj
 .bss.xNumOfOverflows
                0x20000a00        0x4 CMakeFiles/CraneGame.dir/Middlewares/Third_Party/FreeRTOS/Source/tasks.c.obj
 .bss.uxTaskNumber
                0x20000a04        0x4 CMakeFiles/CraneGame.dir/Middlewares/Third_Party/FreeRTOS/Source/tasks.c.obj
 .bss.xNextTaskUnblockTime
                0x20000a08        0x4 CMakeFiles/CraneGame.dir/Middlewares/Third_Party/FreeRTOS/Source/tasks.c.obj
 .bss.xIdleTaskHandle
                0x20000a0c        0x4 CMakeFiles/CraneGame.dir/Middlewares/Third_Party/FreeRTOS/Source/tasks.c.obj
 .bss.uxSchedulerSuspended
                0x20000a10        0x4 CMakeFiles/CraneGame.dir/Middlewares/Third_Party/FreeRTOS/Source/tasks.c.obj
 .bss.ucHeap    0x20000a14     0x3c00 CMakeFiles/CraneGame.dir/Middlewares/Third_Party/FreeRTOS/Source/portable/MemMang/heap_4.c.obj
 .bss.xStart    0x20004614        0x8 CMakeFiles/CraneGame.dir/Middlewares/Third_Party/FreeRTOS/Source/portable/MemMang/heap_4.c.obj
 .bss.pxEnd     0x2000461c        0x4 CMakeFiles/CraneGame.dir/Middlewares/Third_Party/FreeRTOS/Source/portable/MemMang/heap_4.c.obj
 .bss.xFreeBytesRemaining
                0x20004620        0x4 CMakeFiles/CraneGame.dir/Middlewares/Third_Party/FreeRTOS/Source/portable/MemMang/heap_4.c.obj
 .bss.xMinimumEverFreeBytesRemaining
                0x20004624        0x4 CMakeFiles/CraneGame.dir/Middlewares/Third_Party/FreeRTOS/Source/portable/MemMang/heap_4.c.obj
 .bss.xBlockAllocatedBit
                0x20004628        0x4 CMakeFiles/CraneGame.dir/Middlewares/Third_Party/FreeRTOS/Source/portable/MemMang/heap_4.c.obj
 .bss.ucMaxSysCallPriority
                0x2000462c        0x1 CMakeFiles/CraneGame.dir/Middlewares/Third_Party/FreeRTOS/Source/portable/GCC/ARM_CM7/r0p1/port.c.obj
 *fill*         0x2000462d        0x3 
 .bss.ulMaxPRIGROUPValue
                0x20004630        0x4 CMakeFiles/CraneGame.dir/Middlewares/Third_Party/FreeRTOS/Source/portable/GCC/ARM_CM7/r0p1/port.c.obj
 *(COMMON)
                0x20004634                        . = ALIGN (0x4)
                0x20004634                        _ebss = .
                0x20004634                        __bss_end__ = _ebss

._user_heap_stack
                0x20004634      0x604 load address 0x08006f2c
                0x20004638                        . = ALIGN (0x8)
 *fill*         0x20004634        0x4 
                [!provide]                        PROVIDE (end = .)
                0x20004638                        PROVIDE (_end = .)
                0x20004838                        . = (. + _Min_Heap_Size)
 *fill*         0x20004638      0x200 
                0x20004c38                        . = (. + _Min_Stack_Size)
 *fill*         0x20004838      0x400 
                0x20004c38                        . = ALIGN (0x8)

/DISCARD/
 libc.a(*)
 libm.a(*)
 libgcc.a(*)

.ARM.attributes
                0x00000000       0x2e
 *(.ARM.attributes)
 .ARM.attributes
                0x00000000       0x20 C:/Develop/software/STM32CubeCLT_1.16.0/GNU-tools-for-STM32/bin/../lib/gcc/arm-none-eabi/12.3.1/thumb/v7e-m+dp/hard/crti.o
 .ARM.attributes
                0x00000020       0x32 C:/Develop/software/STM32CubeCLT_1.16.0/GNU-tools-for-STM32/bin/../lib/gcc/arm-none-eabi/12.3.1/thumb/v7e-m+dp/hard/crtbegin.o
 .ARM.attributes
                0x00000052       0x32 C:/Develop/software/STM32CubeCLT_1.16.0/GNU-tools-for-STM32/bin/../lib/gcc/arm-none-eabi/12.3.1/../../../../arm-none-eabi/lib/thumb/v7e-m+dp/hard\libc_nano.a(libc_a-memset.o)
 .ARM.attributes
                0x00000084       0x32 C:/Develop/software/STM32CubeCLT_1.16.0/GNU-tools-for-STM32/bin/../lib/gcc/arm-none-eabi/12.3.1/../../../../arm-none-eabi/lib/thumb/v7e-m+dp/hard\libc_nano.a(libc_a-init.o)
 .ARM.attributes
                0x000000b6       0x32 CMakeFiles/CraneGame.dir/Core/Src/myutils.c.obj
 .ARM.attributes
                0x000000e8       0x32 CMakeFiles/CraneGame.dir/Core/Src/main.c.obj
 .ARM.attributes
                0x0000011a       0x32 CMakeFiles/CraneGame.dir/Core/Src/freertos.c.obj
 .ARM.attributes
                0x0000014c       0x32 CMakeFiles/CraneGame.dir/Core/Src/stm32f7xx_it.c.obj
 .ARM.attributes
                0x0000017e       0x32 CMakeFiles/CraneGame.dir/Core/Src/stm32f7xx_hal_msp.c.obj
 .ARM.attributes
                0x000001b0       0x32 CMakeFiles/CraneGame.dir/Core/Src/stm32f7xx_hal_timebase_tim.c.obj
 .ARM.attributes
                0x000001e2       0x32 CMakeFiles/CraneGame.dir/Drivers/STM32F7xx_HAL_Driver/Src/stm32f7xx_hal_cortex.c.obj
 .ARM.attributes
                0x00000214       0x32 CMakeFiles/CraneGame.dir/Drivers/STM32F7xx_HAL_Driver/Src/stm32f7xx_hal_rcc.c.obj
 .ARM.attributes
                0x00000246       0x32 CMakeFiles/CraneGame.dir/Drivers/STM32F7xx_HAL_Driver/Src/stm32f7xx_hal_rcc_ex.c.obj
 .ARM.attributes
                0x00000278       0x32 CMakeFiles/CraneGame.dir/Drivers/STM32F7xx_HAL_Driver/Src/stm32f7xx_hal_gpio.c.obj
 .ARM.attributes
                0x000002aa       0x32 CMakeFiles/CraneGame.dir/Drivers/STM32F7xx_HAL_Driver/Src/stm32f7xx_hal_pwr.c.obj
 .ARM.attributes
                0x000002dc       0x32 CMakeFiles/CraneGame.dir/Drivers/STM32F7xx_HAL_Driver/Src/stm32f7xx_hal.c.obj
 .ARM.attributes
                0x0000030e       0x32 CMakeFiles/CraneGame.dir/Drivers/STM32F7xx_HAL_Driver/Src/stm32f7xx_hal_tim.c.obj
 .ARM.attributes
                0x00000340       0x32 CMakeFiles/CraneGame.dir/Drivers/STM32F7xx_HAL_Driver/Src/stm32f7xx_hal_tim_ex.c.obj
 .ARM.attributes
                0x00000372       0x32 CMakeFiles/CraneGame.dir/Drivers/STM32F7xx_HAL_Driver/Src/stm32f7xx_hal_uart.c.obj
 .ARM.attributes
                0x000003a4       0x32 CMakeFiles/CraneGame.dir/Drivers/STM32F7xx_HAL_Driver/Src/stm32f7xx_hal_pcd.c.obj
 .ARM.attributes
                0x000003d6       0x32 CMakeFiles/CraneGame.dir/Drivers/STM32F7xx_HAL_Driver/Src/stm32f7xx_hal_pcd_ex.c.obj
 .ARM.attributes
                0x00000408       0x32 CMakeFiles/CraneGame.dir/Drivers/STM32F7xx_HAL_Driver/Src/stm32f7xx_ll_usb.c.obj
 .ARM.attributes
                0x0000043a       0x32 CMakeFiles/CraneGame.dir/Core/Src/system_stm32f7xx.c.obj
 .ARM.attributes
                0x0000046c       0x32 CMakeFiles/CraneGame.dir/Middlewares/Third_Party/FreeRTOS/Source/event_groups.c.obj
 .ARM.attributes
                0x0000049e       0x32 CMakeFiles/CraneGame.dir/Middlewares/Third_Party/FreeRTOS/Source/list.c.obj
 .ARM.attributes
                0x000004d0       0x32 CMakeFiles/CraneGame.dir/Middlewares/Third_Party/FreeRTOS/Source/tasks.c.obj
 .ARM.attributes
                0x00000502       0x32 CMakeFiles/CraneGame.dir/Middlewares/Third_Party/FreeRTOS/Source/CMSIS_RTOS/cmsis_os.c.obj
 .ARM.attributes
                0x00000534       0x32 CMakeFiles/CraneGame.dir/Middlewares/Third_Party/FreeRTOS/Source/portable/MemMang/heap_4.c.obj
 .ARM.attributes
                0x00000566       0x32 CMakeFiles/CraneGame.dir/Middlewares/Third_Party/FreeRTOS/Source/portable/GCC/ARM_CM7/r0p1/port.c.obj
 .ARM.attributes
                0x00000598       0x21 CMakeFiles/CraneGame.dir/startup_stm32f767xx.s.obj
 .ARM.attributes
                0x000005b9       0x20 C:/Develop/software/STM32CubeCLT_1.16.0/GNU-tools-for-STM32/bin/../lib/gcc/arm-none-eabi/12.3.1/thumb/v7e-m+dp/hard\libgcc.a(_aeabi_uldivmod.o)
 .ARM.attributes
                0x000005d9       0x32 C:/Develop/software/STM32CubeCLT_1.16.0/GNU-tools-for-STM32/bin/../lib/gcc/arm-none-eabi/12.3.1/thumb/v7e-m+dp/hard\libgcc.a(_udivmoddi4.o)
 .ARM.attributes
                0x0000060b       0x20 C:/Develop/software/STM32CubeCLT_1.16.0/GNU-tools-for-STM32/bin/../lib/gcc/arm-none-eabi/12.3.1/thumb/v7e-m+dp/hard\libgcc.a(_dvmd_tls.o)
 .ARM.attributes
                0x0000062b       0x20 C:/Develop/software/STM32CubeCLT_1.16.0/GNU-tools-for-STM32/bin/../lib/gcc/arm-none-eabi/12.3.1/thumb/v7e-m+dp/hard/crtn.o
OUTPUT(CraneGame.elf elf32-littlearm)
LOAD linker stubs
LOAD C:/Develop/software/STM32CubeCLT_1.16.0/GNU-tools-for-STM32/bin/../lib/gcc/arm-none-eabi/12.3.1/../../../../arm-none-eabi/lib/thumb/v7e-m+dp/hard\libc.a
LOAD C:/Develop/software/STM32CubeCLT_1.16.0/GNU-tools-for-STM32/bin/../lib/gcc/arm-none-eabi/12.3.1/../../../../arm-none-eabi/lib/thumb/v7e-m+dp/hard\libm.a
LOAD C:/Develop/software/STM32CubeCLT_1.16.0/GNU-tools-for-STM32/bin/../lib/gcc/arm-none-eabi/12.3.1/thumb/v7e-m+dp/hard\libgcc.a

.debug_frame    0x00000000     0x5be8
 .debug_frame   0x00000000       0x20 C:/Develop/software/STM32CubeCLT_1.16.0/GNU-tools-for-STM32/bin/../lib/gcc/arm-none-eabi/12.3.1/../../../../arm-none-eabi/lib/thumb/v7e-m+dp/hard\libc_nano.a(libc_a-memset.o)
 .debug_frame   0x00000020       0x2c C:/Develop/software/STM32CubeCLT_1.16.0/GNU-tools-for-STM32/bin/../lib/gcc/arm-none-eabi/12.3.1/../../../../arm-none-eabi/lib/thumb/v7e-m+dp/hard\libc_nano.a(libc_a-init.o)
 .debug_frame   0x0000004c       0x84 CMakeFiles/CraneGame.dir/Core/Src/myutils.c.obj
 .debug_frame   0x000000d0      0x264 CMakeFiles/CraneGame.dir/Core/Src/main.c.obj
 .debug_frame   0x00000334       0x38 CMakeFiles/CraneGame.dir/Core/Src/freertos.c.obj
 .debug_frame   0x0000036c       0xc4 CMakeFiles/CraneGame.dir/Core/Src/stm32f7xx_it.c.obj
 .debug_frame   0x00000430      0x140 CMakeFiles/CraneGame.dir/Core/Src/stm32f7xx_hal_msp.c.obj
 .debug_frame   0x00000570       0x74 CMakeFiles/CraneGame.dir/Core/Src/stm32f7xx_hal_timebase_tim.c.obj
 .debug_frame   0x000005e4      0x4e8 CMakeFiles/CraneGame.dir/Drivers/STM32F7xx_HAL_Driver/Src/stm32f7xx_hal_cortex.c.obj
 .debug_frame   0x00000acc      0x1f8 CMakeFiles/CraneGame.dir/Drivers/STM32F7xx_HAL_Driver/Src/stm32f7xx_hal_rcc.c.obj
 .debug_frame   0x00000cc4      0x118 CMakeFiles/CraneGame.dir/Drivers/STM32F7xx_HAL_Driver/Src/stm32f7xx_hal_rcc_ex.c.obj
 .debug_frame   0x00000ddc      0x14c CMakeFiles/CraneGame.dir/Drivers/STM32F7xx_HAL_Driver/Src/stm32f7xx_hal_gpio.c.obj
 .debug_frame   0x00000f28      0x254 CMakeFiles/CraneGame.dir/Drivers/STM32F7xx_HAL_Driver/Src/stm32f7xx_hal_pwr.c.obj
 .debug_frame   0x0000117c      0x3f4 CMakeFiles/CraneGame.dir/Drivers/STM32F7xx_HAL_Driver/Src/stm32f7xx_hal.c.obj
 .debug_frame   0x00001570     0x121c CMakeFiles/CraneGame.dir/Drivers/STM32F7xx_HAL_Driver/Src/stm32f7xx_hal_tim.c.obj
 .debug_frame   0x0000278c      0x6b0 CMakeFiles/CraneGame.dir/Drivers/STM32F7xx_HAL_Driver/Src/stm32f7xx_hal_tim_ex.c.obj
 .debug_frame   0x00002e3c      0xa10 CMakeFiles/CraneGame.dir/Drivers/STM32F7xx_HAL_Driver/Src/stm32f7xx_hal_uart.c.obj
 .debug_frame   0x0000384c      0x5b8 CMakeFiles/CraneGame.dir/Drivers/STM32F7xx_HAL_Driver/Src/stm32f7xx_hal_pcd.c.obj
 .debug_frame   0x00003e04      0x100 CMakeFiles/CraneGame.dir/Drivers/STM32F7xx_HAL_Driver/Src/stm32f7xx_hal_pcd_ex.c.obj
 .debug_frame   0x00003f04      0x7c0 CMakeFiles/CraneGame.dir/Drivers/STM32F7xx_HAL_Driver/Src/stm32f7xx_ll_usb.c.obj
 .debug_frame   0x000046c4       0x58 CMakeFiles/CraneGame.dir/Core/Src/system_stm32f7xx.c.obj
 .debug_frame   0x0000471c      0x1a4 CMakeFiles/CraneGame.dir/Middlewares/Third_Party/FreeRTOS/Source/event_groups.c.obj
 .debug_frame   0x000048c0       0xd8 CMakeFiles/CraneGame.dir/Middlewares/Third_Party/FreeRTOS/Source/list.c.obj
 .debug_frame   0x00004998      0x734 CMakeFiles/CraneGame.dir/Middlewares/Third_Party/FreeRTOS/Source/tasks.c.obj
 .debug_frame   0x000050cc      0x80c CMakeFiles/CraneGame.dir/Middlewares/Third_Party/FreeRTOS/Source/CMSIS_RTOS/cmsis_os.c.obj
 .debug_frame   0x000058d8      0x108 CMakeFiles/CraneGame.dir/Middlewares/Third_Party/FreeRTOS/Source/portable/MemMang/heap_4.c.obj
 .debug_frame   0x000059e0      0x1a8 CMakeFiles/CraneGame.dir/Middlewares/Third_Party/FreeRTOS/Source/portable/GCC/ARM_CM7/r0p1/port.c.obj
 .debug_frame   0x00005b88       0x2c C:/Develop/software/STM32CubeCLT_1.16.0/GNU-tools-for-STM32/bin/../lib/gcc/arm-none-eabi/12.3.1/thumb/v7e-m+dp/hard\libgcc.a(_aeabi_uldivmod.o)
 .debug_frame   0x00005bb4       0x34 C:/Develop/software/STM32CubeCLT_1.16.0/GNU-tools-for-STM32/bin/../lib/gcc/arm-none-eabi/12.3.1/thumb/v7e-m+dp/hard\libgcc.a(_udivmoddi4.o)

.debug_info     0x00000000    0x19481
 .debug_info    0x00000000      0x26e CMakeFiles/CraneGame.dir/Core/Src/myutils.c.obj
 .debug_info    0x0000026e     0x1ff5 CMakeFiles/CraneGame.dir/Core/Src/main.c.obj
 .debug_info    0x00002263      0x279 CMakeFiles/CraneGame.dir/Core/Src/freertos.c.obj
 .debug_info    0x000024dc      0x70e CMakeFiles/CraneGame.dir/Core/Src/stm32f7xx_it.c.obj
 .debug_info    0x00002bea     0x19cc CMakeFiles/CraneGame.dir/Core/Src/stm32f7xx_hal_msp.c.obj
 .debug_info    0x000045b6      0xd1d CMakeFiles/CraneGame.dir/Core/Src/stm32f7xx_hal_timebase_tim.c.obj
 .debug_info    0x000052d3      0xfc0 CMakeFiles/CraneGame.dir/Drivers/STM32F7xx_HAL_Driver/Src/stm32f7xx_hal_cortex.c.obj
 .debug_info    0x00006293      0x937 CMakeFiles/CraneGame.dir/Drivers/STM32F7xx_HAL_Driver/Src/stm32f7xx_hal_rcc.c.obj
 .debug_info    0x00006bca      0x6e1 CMakeFiles/CraneGame.dir/Drivers/STM32F7xx_HAL_Driver/Src/stm32f7xx_hal_rcc_ex.c.obj
 .debug_info    0x000072ab      0x6f3 CMakeFiles/CraneGame.dir/Drivers/STM32F7xx_HAL_Driver/Src/stm32f7xx_hal_gpio.c.obj
 .debug_info    0x0000799e      0x90e CMakeFiles/CraneGame.dir/Drivers/STM32F7xx_HAL_Driver/Src/stm32f7xx_hal_pwr.c.obj
 .debug_info    0x000082ac      0xa4c CMakeFiles/CraneGame.dir/Drivers/STM32F7xx_HAL_Driver/Src/stm32f7xx_hal.c.obj
 .debug_info    0x00008cf8     0x2ad5 CMakeFiles/CraneGame.dir/Drivers/STM32F7xx_HAL_Driver/Src/stm32f7xx_hal_tim.c.obj
 .debug_info    0x0000b7cd     0x16bb CMakeFiles/CraneGame.dir/Drivers/STM32F7xx_HAL_Driver/Src/stm32f7xx_hal_tim_ex.c.obj
 .debug_info    0x0000ce88     0x3adc CMakeFiles/CraneGame.dir/Drivers/STM32F7xx_HAL_Driver/Src/stm32f7xx_hal_uart.c.obj
 .debug_info    0x00010964     0x1599 CMakeFiles/CraneGame.dir/Drivers/STM32F7xx_HAL_Driver/Src/stm32f7xx_hal_pcd.c.obj
 .debug_info    0x00011efd      0x7a3 CMakeFiles/CraneGame.dir/Drivers/STM32F7xx_HAL_Driver/Src/stm32f7xx_hal_pcd_ex.c.obj
 .debug_info    0x000126a0     0x19fc CMakeFiles/CraneGame.dir/Drivers/STM32F7xx_HAL_Driver/Src/stm32f7xx_ll_usb.c.obj
 .debug_info    0x0001409c      0x6ed CMakeFiles/CraneGame.dir/Core/Src/system_stm32f7xx.c.obj
 .debug_info    0x00014789      0xa51 CMakeFiles/CraneGame.dir/Middlewares/Third_Party/FreeRTOS/Source/event_groups.c.obj
 .debug_info    0x000151da      0x2af CMakeFiles/CraneGame.dir/Middlewares/Third_Party/FreeRTOS/Source/list.c.obj
 .debug_info    0x00015489     0x1bfe CMakeFiles/CraneGame.dir/Middlewares/Third_Party/FreeRTOS/Source/tasks.c.obj
 .debug_info    0x00017087     0x1b60 CMakeFiles/CraneGame.dir/Middlewares/Third_Party/FreeRTOS/Source/CMSIS_RTOS/cmsis_os.c.obj
 .debug_info    0x00018be7      0x3c3 CMakeFiles/CraneGame.dir/Middlewares/Third_Party/FreeRTOS/Source/portable/MemMang/heap_4.c.obj
 .debug_info    0x00018faa      0x4a7 CMakeFiles/CraneGame.dir/Middlewares/Third_Party/FreeRTOS/Source/portable/GCC/ARM_CM7/r0p1/port.c.obj
 .debug_info    0x00019451       0x30 CMakeFiles/CraneGame.dir/startup_stm32f767xx.s.obj

.debug_abbrev   0x00000000     0x3928
 .debug_abbrev  0x00000000      0x164 CMakeFiles/CraneGame.dir/Core/Src/myutils.c.obj
 .debug_abbrev  0x00000164      0x38e CMakeFiles/CraneGame.dir/Core/Src/main.c.obj
 .debug_abbrev  0x000004f2       0xd2 CMakeFiles/CraneGame.dir/Core/Src/freertos.c.obj
 .debug_abbrev  0x000005c4      0x17d CMakeFiles/CraneGame.dir/Core/Src/stm32f7xx_it.c.obj
 .debug_abbrev  0x00000741      0x2a8 CMakeFiles/CraneGame.dir/Core/Src/stm32f7xx_hal_msp.c.obj
 .debug_abbrev  0x000009e9      0x1f4 CMakeFiles/CraneGame.dir/Core/Src/stm32f7xx_hal_timebase_tim.c.obj
 .debug_abbrev  0x00000bdd      0x31e CMakeFiles/CraneGame.dir/Drivers/STM32F7xx_HAL_Driver/Src/stm32f7xx_hal_cortex.c.obj
 .debug_abbrev  0x00000efb      0x2de CMakeFiles/CraneGame.dir/Drivers/STM32F7xx_HAL_Driver/Src/stm32f7xx_hal_rcc.c.obj
 .debug_abbrev  0x000011d9      0x1c9 CMakeFiles/CraneGame.dir/Drivers/STM32F7xx_HAL_Driver/Src/stm32f7xx_hal_rcc_ex.c.obj
 .debug_abbrev  0x000013a2      0x1d4 CMakeFiles/CraneGame.dir/Drivers/STM32F7xx_HAL_Driver/Src/stm32f7xx_hal_gpio.c.obj
 .debug_abbrev  0x00001576      0x1c5 CMakeFiles/CraneGame.dir/Drivers/STM32F7xx_HAL_Driver/Src/stm32f7xx_hal_pwr.c.obj
 .debug_abbrev  0x0000173b      0x213 CMakeFiles/CraneGame.dir/Drivers/STM32F7xx_HAL_Driver/Src/stm32f7xx_hal.c.obj
 .debug_abbrev  0x0000194e      0x278 CMakeFiles/CraneGame.dir/Drivers/STM32F7xx_HAL_Driver/Src/stm32f7xx_hal_tim.c.obj
 .debug_abbrev  0x00001bc6      0x283 CMakeFiles/CraneGame.dir/Drivers/STM32F7xx_HAL_Driver/Src/stm32f7xx_hal_tim_ex.c.obj
 .debug_abbrev  0x00001e49      0x2e6 CMakeFiles/CraneGame.dir/Drivers/STM32F7xx_HAL_Driver/Src/stm32f7xx_hal_uart.c.obj
 .debug_abbrev  0x0000212f      0x2ee CMakeFiles/CraneGame.dir/Drivers/STM32F7xx_HAL_Driver/Src/stm32f7xx_hal_pcd.c.obj
 .debug_abbrev  0x0000241d      0x1ca CMakeFiles/CraneGame.dir/Drivers/STM32F7xx_HAL_Driver/Src/stm32f7xx_hal_pcd_ex.c.obj
 .debug_abbrev  0x000025e7      0x293 CMakeFiles/CraneGame.dir/Drivers/STM32F7xx_HAL_Driver/Src/stm32f7xx_ll_usb.c.obj
 .debug_abbrev  0x0000287a      0x13b CMakeFiles/CraneGame.dir/Core/Src/system_stm32f7xx.c.obj
 .debug_abbrev  0x000029b5      0x2e6 CMakeFiles/CraneGame.dir/Middlewares/Third_Party/FreeRTOS/Source/event_groups.c.obj
 .debug_abbrev  0x00002c9b       0xf5 CMakeFiles/CraneGame.dir/Middlewares/Third_Party/FreeRTOS/Source/list.c.obj
 .debug_abbrev  0x00002d90      0x359 CMakeFiles/CraneGame.dir/Middlewares/Third_Party/FreeRTOS/Source/tasks.c.obj
 .debug_abbrev  0x000030e9      0x3a7 CMakeFiles/CraneGame.dir/Middlewares/Third_Party/FreeRTOS/Source/CMSIS_RTOS/cmsis_os.c.obj
 .debug_abbrev  0x00003490      0x205 CMakeFiles/CraneGame.dir/Middlewares/Third_Party/FreeRTOS/Source/portable/MemMang/heap_4.c.obj
 .debug_abbrev  0x00003695      0x26f CMakeFiles/CraneGame.dir/Middlewares/Third_Party/FreeRTOS/Source/portable/GCC/ARM_CM7/r0p1/port.c.obj
 .debug_abbrev  0x00003904       0x24 CMakeFiles/CraneGame.dir/startup_stm32f767xx.s.obj

.debug_aranges  0x00000000     0x15e8
 .debug_aranges
                0x00000000       0x30 CMakeFiles/CraneGame.dir/Core/Src/myutils.c.obj
 .debug_aranges
                0x00000030       0xa8 CMakeFiles/CraneGame.dir/Core/Src/main.c.obj
 .debug_aranges
                0x000000d8       0x20 CMakeFiles/CraneGame.dir/Core/Src/freertos.c.obj
 .debug_aranges
                0x000000f8       0x50 CMakeFiles/CraneGame.dir/Core/Src/stm32f7xx_it.c.obj
 .debug_aranges
                0x00000148       0x58 CMakeFiles/CraneGame.dir/Core/Src/stm32f7xx_hal_msp.c.obj
 .debug_aranges
                0x000001a0       0x30 CMakeFiles/CraneGame.dir/Core/Src/stm32f7xx_hal_timebase_tim.c.obj
 .debug_aranges
                0x000001d0      0x128 CMakeFiles/CraneGame.dir/Drivers/STM32F7xx_HAL_Driver/Src/stm32f7xx_hal_cortex.c.obj
 .debug_aranges
                0x000002f8       0x88 CMakeFiles/CraneGame.dir/Drivers/STM32F7xx_HAL_Driver/Src/stm32f7xx_hal_rcc.c.obj
 .debug_aranges
                0x00000380       0x50 CMakeFiles/CraneGame.dir/Drivers/STM32F7xx_HAL_Driver/Src/stm32f7xx_hal_rcc_ex.c.obj
 .debug_aranges
                0x000003d0       0x58 CMakeFiles/CraneGame.dir/Drivers/STM32F7xx_HAL_Driver/Src/stm32f7xx_hal_gpio.c.obj
 .debug_aranges
                0x00000428       0xa0 CMakeFiles/CraneGame.dir/Drivers/STM32F7xx_HAL_Driver/Src/stm32f7xx_hal_pwr.c.obj
 .debug_aranges
                0x000004c8      0x110 CMakeFiles/CraneGame.dir/Drivers/STM32F7xx_HAL_Driver/Src/stm32f7xx_hal.c.obj
 .debug_aranges
                0x000005d8      0x3e0 CMakeFiles/CraneGame.dir/Drivers/STM32F7xx_HAL_Driver/Src/stm32f7xx_hal_tim.c.obj
 .debug_aranges
                0x000009b8      0x180 CMakeFiles/CraneGame.dir/Drivers/STM32F7xx_HAL_Driver/Src/stm32f7xx_hal_tim_ex.c.obj
 .debug_aranges
                0x00000b38      0x230 CMakeFiles/CraneGame.dir/Drivers/STM32F7xx_HAL_Driver/Src/stm32f7xx_hal_uart.c.obj
 .debug_aranges
                0x00000d68      0x148 CMakeFiles/CraneGame.dir/Drivers/STM32F7xx_HAL_Driver/Src/stm32f7xx_hal_pcd.c.obj
 .debug_aranges
                0x00000eb0       0x48 CMakeFiles/CraneGame.dir/Drivers/STM32F7xx_HAL_Driver/Src/stm32f7xx_hal_pcd_ex.c.obj
 .debug_aranges
                0x00000ef8      0x1a0 CMakeFiles/CraneGame.dir/Drivers/STM32F7xx_HAL_Driver/Src/stm32f7xx_ll_usb.c.obj
 .debug_aranges
                0x00001098       0x28 CMakeFiles/CraneGame.dir/Core/Src/system_stm32f7xx.c.obj
 .debug_aranges
                0x000010c0       0x70 CMakeFiles/CraneGame.dir/Middlewares/Third_Party/FreeRTOS/Source/event_groups.c.obj
 .debug_aranges
                0x00001130       0x40 CMakeFiles/CraneGame.dir/Middlewares/Third_Party/FreeRTOS/Source/list.c.obj
 .debug_aranges
                0x00001170      0x1a8 CMakeFiles/CraneGame.dir/Middlewares/Third_Party/FreeRTOS/Source/tasks.c.obj
 .debug_aranges
                0x00001318      0x1d8 CMakeFiles/CraneGame.dir/Middlewares/Third_Party/FreeRTOS/Source/CMSIS_RTOS/cmsis_os.c.obj
 .debug_aranges
                0x000014f0       0x50 CMakeFiles/CraneGame.dir/Middlewares/Third_Party/FreeRTOS/Source/portable/MemMang/heap_4.c.obj
 .debug_aranges
                0x00001540       0x80 CMakeFiles/CraneGame.dir/Middlewares/Third_Party/FreeRTOS/Source/portable/GCC/ARM_CM7/r0p1/port.c.obj
 .debug_aranges
                0x000015c0       0x28 CMakeFiles/CraneGame.dir/startup_stm32f767xx.s.obj

.debug_rnglists
                0x00000000     0x10fb
 .debug_rnglists
                0x00000000       0x20 CMakeFiles/CraneGame.dir/Core/Src/myutils.c.obj
 .debug_rnglists
                0x00000020       0x81 CMakeFiles/CraneGame.dir/Core/Src/main.c.obj
 .debug_rnglists
                0x000000a1       0x13 CMakeFiles/CraneGame.dir/Core/Src/freertos.c.obj
 .debug_rnglists
                0x000000b4       0x37 CMakeFiles/CraneGame.dir/Core/Src/stm32f7xx_it.c.obj
 .debug_rnglists
                0x000000eb       0x40 CMakeFiles/CraneGame.dir/Core/Src/stm32f7xx_hal_msp.c.obj
 .debug_rnglists
                0x0000012b       0x20 CMakeFiles/CraneGame.dir/Core/Src/stm32f7xx_hal_timebase_tim.c.obj
 .debug_rnglists
                0x0000014b       0xda CMakeFiles/CraneGame.dir/Drivers/STM32F7xx_HAL_Driver/Src/stm32f7xx_hal_cortex.c.obj
 .debug_rnglists
                0x00000225       0x67 CMakeFiles/CraneGame.dir/Drivers/STM32F7xx_HAL_Driver/Src/stm32f7xx_hal_rcc.c.obj
 .debug_rnglists
                0x0000028c       0x3c CMakeFiles/CraneGame.dir/Drivers/STM32F7xx_HAL_Driver/Src/stm32f7xx_hal_rcc_ex.c.obj
 .debug_rnglists
                0x000002c8       0x3f CMakeFiles/CraneGame.dir/Drivers/STM32F7xx_HAL_Driver/Src/stm32f7xx_hal_gpio.c.obj
 .debug_rnglists
                0x00000307       0x74 CMakeFiles/CraneGame.dir/Drivers/STM32F7xx_HAL_Driver/Src/stm32f7xx_hal_pwr.c.obj
 .debug_rnglists
                0x0000037b       0xc7 CMakeFiles/CraneGame.dir/Drivers/STM32F7xx_HAL_Driver/Src/stm32f7xx_hal.c.obj
 .debug_rnglists
                0x00000442      0x328 CMakeFiles/CraneGame.dir/Drivers/STM32F7xx_HAL_Driver/Src/stm32f7xx_hal_tim.c.obj
 .debug_rnglists
                0x0000076a      0x138 CMakeFiles/CraneGame.dir/Drivers/STM32F7xx_HAL_Driver/Src/stm32f7xx_hal_tim_ex.c.obj
 .debug_rnglists
                0x000008a2      0x1e0 CMakeFiles/CraneGame.dir/Drivers/STM32F7xx_HAL_Driver/Src/stm32f7xx_hal_uart.c.obj
 .debug_rnglists
                0x00000a82       0xfa CMakeFiles/CraneGame.dir/Drivers/STM32F7xx_HAL_Driver/Src/stm32f7xx_hal_pcd.c.obj
 .debug_rnglists
                0x00000b7c       0x32 CMakeFiles/CraneGame.dir/Drivers/STM32F7xx_HAL_Driver/Src/stm32f7xx_hal_pcd_ex.c.obj
 .debug_rnglists
                0x00000bae      0x147 CMakeFiles/CraneGame.dir/Drivers/STM32F7xx_HAL_Driver/Src/stm32f7xx_ll_usb.c.obj
 .debug_rnglists
                0x00000cf5       0x1a CMakeFiles/CraneGame.dir/Core/Src/system_stm32f7xx.c.obj
 .debug_rnglists
                0x00000d0f       0x52 CMakeFiles/CraneGame.dir/Middlewares/Third_Party/FreeRTOS/Source/event_groups.c.obj
 .debug_rnglists
                0x00000d61       0x2b CMakeFiles/CraneGame.dir/Middlewares/Third_Party/FreeRTOS/Source/list.c.obj
 .debug_rnglists
                0x00000d8c      0x154 CMakeFiles/CraneGame.dir/Middlewares/Third_Party/FreeRTOS/Source/tasks.c.obj
 .debug_rnglists
                0x00000ee0      0x16a CMakeFiles/CraneGame.dir/Middlewares/Third_Party/FreeRTOS/Source/CMSIS_RTOS/cmsis_os.c.obj
 .debug_rnglists
                0x0000104a       0x3b CMakeFiles/CraneGame.dir/Middlewares/Third_Party/FreeRTOS/Source/portable/MemMang/heap_4.c.obj
 .debug_rnglists
                0x00001085       0x5d CMakeFiles/CraneGame.dir/Middlewares/Third_Party/FreeRTOS/Source/portable/GCC/ARM_CM7/r0p1/port.c.obj
 .debug_rnglists
                0x000010e2       0x19 CMakeFiles/CraneGame.dir/startup_stm32f767xx.s.obj

.debug_macro    0x00000000    0x2a5ab
 .debug_macro   0x00000000      0x211 CMakeFiles/CraneGame.dir/Core/Src/myutils.c.obj
 .debug_macro   0x00000211      0xacc CMakeFiles/CraneGame.dir/Core/Src/myutils.c.obj
 .debug_macro   0x00000cdd       0x22 CMakeFiles/CraneGame.dir/Core/Src/myutils.c.obj
 .debug_macro   0x00000cff       0x8e CMakeFiles/CraneGame.dir/Core/Src/myutils.c.obj
 .debug_macro   0x00000d8d       0x51 CMakeFiles/CraneGame.dir/Core/Src/myutils.c.obj
 .debug_macro   0x00000dde      0x103 CMakeFiles/CraneGame.dir/Core/Src/myutils.c.obj
 .debug_macro   0x00000ee1       0x6a CMakeFiles/CraneGame.dir/Core/Src/myutils.c.obj
 .debug_macro   0x00000f4b      0x1df CMakeFiles/CraneGame.dir/Core/Src/myutils.c.obj
 .debug_macro   0x0000112a      0x299 CMakeFiles/CraneGame.dir/Core/Src/myutils.c.obj
 .debug_macro   0x000013c3       0x2e CMakeFiles/CraneGame.dir/Core/Src/myutils.c.obj
 .debug_macro   0x000013f1       0x3b CMakeFiles/CraneGame.dir/Core/Src/myutils.c.obj
 .debug_macro   0x0000142c       0x1c CMakeFiles/CraneGame.dir/Core/Src/myutils.c.obj
 .debug_macro   0x00001448       0x22 CMakeFiles/CraneGame.dir/Core/Src/myutils.c.obj
 .debug_macro   0x0000146a       0xd9 CMakeFiles/CraneGame.dir/Core/Src/myutils.c.obj
 .debug_macro   0x00001543     0x12cd CMakeFiles/CraneGame.dir/Core/Src/myutils.c.obj
 .debug_macro   0x00002810      0x11f CMakeFiles/CraneGame.dir/Core/Src/myutils.c.obj
 .debug_macro   0x0000292f       0x19 CMakeFiles/CraneGame.dir/Core/Src/myutils.c.obj
 .debug_macro   0x00002948    0x1aa23 CMakeFiles/CraneGame.dir/Core/Src/myutils.c.obj
 .debug_macro   0x0001d36b       0x6d CMakeFiles/CraneGame.dir/Core/Src/myutils.c.obj
 .debug_macro   0x0001d3d8     0x3765 CMakeFiles/CraneGame.dir/Core/Src/myutils.c.obj
 .debug_macro   0x00020b3d      0x189 CMakeFiles/CraneGame.dir/Core/Src/myutils.c.obj
 .debug_macro   0x00020cc6       0x63 CMakeFiles/CraneGame.dir/Core/Src/myutils.c.obj
 .debug_macro   0x00020d29     0x1add CMakeFiles/CraneGame.dir/Core/Src/myutils.c.obj
 .debug_macro   0x00022806      0x6c4 CMakeFiles/CraneGame.dir/Core/Src/myutils.c.obj
 .debug_macro   0x00022eca      0x18b CMakeFiles/CraneGame.dir/Core/Src/myutils.c.obj
 .debug_macro   0x00023055      0x115 CMakeFiles/CraneGame.dir/Core/Src/myutils.c.obj
 .debug_macro   0x0002316a      0x26e CMakeFiles/CraneGame.dir/Core/Src/myutils.c.obj
 .debug_macro   0x000233d8       0xa5 CMakeFiles/CraneGame.dir/Core/Src/myutils.c.obj
 .debug_macro   0x0002347d      0x24f CMakeFiles/CraneGame.dir/Core/Src/myutils.c.obj
 .debug_macro   0x000236cc       0x71 CMakeFiles/CraneGame.dir/Core/Src/myutils.c.obj
 .debug_macro   0x0002373d       0x58 CMakeFiles/CraneGame.dir/Core/Src/myutils.c.obj
 .debug_macro   0x00023795      0x236 CMakeFiles/CraneGame.dir/Core/Src/myutils.c.obj
 .debug_macro   0x000239cb      0x14e CMakeFiles/CraneGame.dir/Core/Src/myutils.c.obj
 .debug_macro   0x00023b19      0x3db CMakeFiles/CraneGame.dir/Core/Src/myutils.c.obj
 .debug_macro   0x00023ef4       0x12 CMakeFiles/CraneGame.dir/Core/Src/myutils.c.obj
 .debug_macro   0x00023f06      0x22c CMakeFiles/CraneGame.dir/Core/Src/myutils.c.obj
 .debug_macro   0x00024132       0x61 CMakeFiles/CraneGame.dir/Core/Src/myutils.c.obj
 .debug_macro   0x00024193       0xa5 CMakeFiles/CraneGame.dir/Core/Src/myutils.c.obj
 .debug_macro   0x00024238      0x12e CMakeFiles/CraneGame.dir/Core/Src/myutils.c.obj
 .debug_macro   0x00024366      0x108 CMakeFiles/CraneGame.dir/Core/Src/myutils.c.obj
 .debug_macro   0x0002446e       0x35 CMakeFiles/CraneGame.dir/Core/Src/myutils.c.obj
 .debug_macro   0x000244a3      0xa91 CMakeFiles/CraneGame.dir/Core/Src/myutils.c.obj
 .debug_macro   0x00024f34       0xa9 CMakeFiles/CraneGame.dir/Core/Src/myutils.c.obj
 .debug_macro   0x00024fdd      0x5ba CMakeFiles/CraneGame.dir/Core/Src/myutils.c.obj
 .debug_macro   0x00025597       0x44 CMakeFiles/CraneGame.dir/Core/Src/myutils.c.obj
 .debug_macro   0x000255db      0x2cb CMakeFiles/CraneGame.dir/Core/Src/myutils.c.obj
 .debug_macro   0x000258a6       0xba CMakeFiles/CraneGame.dir/Core/Src/myutils.c.obj
 .debug_macro   0x00025960      0x15b CMakeFiles/CraneGame.dir/Core/Src/myutils.c.obj
 .debug_macro   0x00025abb      0x309 CMakeFiles/CraneGame.dir/Core/Src/main.c.obj
 .debug_macro   0x00025dc4      0x130 CMakeFiles/CraneGame.dir/Core/Src/main.c.obj
 .debug_macro   0x00025ef4       0xea CMakeFiles/CraneGame.dir/Core/Src/main.c.obj
 .debug_macro   0x00025fde      0x15a CMakeFiles/CraneGame.dir/Core/Src/main.c.obj
 .debug_macro   0x00026138       0xde CMakeFiles/CraneGame.dir/Core/Src/main.c.obj
 .debug_macro   0x00026216       0x1c CMakeFiles/CraneGame.dir/Core/Src/main.c.obj
 .debug_macro   0x00026232       0x26 CMakeFiles/CraneGame.dir/Core/Src/main.c.obj
 .debug_macro   0x00026258      0x4e8 CMakeFiles/CraneGame.dir/Core/Src/main.c.obj
 .debug_macro   0x00026740       0xb5 CMakeFiles/CraneGame.dir/Core/Src/main.c.obj
 .debug_macro   0x000267f5       0xaa CMakeFiles/CraneGame.dir/Core/Src/main.c.obj
 .debug_macro   0x0002689f       0x91 CMakeFiles/CraneGame.dir/Core/Src/main.c.obj
 .debug_macro   0x00026930       0x8d CMakeFiles/CraneGame.dir/Core/Src/main.c.obj
 .debug_macro   0x000269bd       0x7e CMakeFiles/CraneGame.dir/Core/Src/main.c.obj
 .debug_macro   0x00026a3b       0x19 CMakeFiles/CraneGame.dir/Core/Src/main.c.obj
 .debug_macro   0x00026a54       0xf2 CMakeFiles/CraneGame.dir/Core/Src/main.c.obj
 .debug_macro   0x00026b46      0x27e CMakeFiles/CraneGame.dir/Core/Src/freertos.c.obj
 .debug_macro   0x00026dc4       0xea CMakeFiles/CraneGame.dir/Core/Src/freertos.c.obj
 .debug_macro   0x00026eae      0x220 CMakeFiles/CraneGame.dir/Core/Src/stm32f7xx_it.c.obj
 .debug_macro   0x000270ce      0x216 CMakeFiles/CraneGame.dir/Core/Src/stm32f7xx_hal_msp.c.obj
 .debug_macro   0x000272e4      0x207 CMakeFiles/CraneGame.dir/Core/Src/stm32f7xx_hal_timebase_tim.c.obj
 .debug_macro   0x000274eb      0x207 CMakeFiles/CraneGame.dir/Drivers/STM32F7xx_HAL_Driver/Src/stm32f7xx_hal_cortex.c.obj
 .debug_macro   0x000276f2      0x22b CMakeFiles/CraneGame.dir/Drivers/STM32F7xx_HAL_Driver/Src/stm32f7xx_hal_rcc.c.obj
 .debug_macro   0x0002791d      0x207 CMakeFiles/CraneGame.dir/Drivers/STM32F7xx_HAL_Driver/Src/stm32f7xx_hal_rcc_ex.c.obj
 .debug_macro   0x00027b24      0x20d CMakeFiles/CraneGame.dir/Drivers/STM32F7xx_HAL_Driver/Src/stm32f7xx_hal_gpio.c.obj
 .debug_macro   0x00027d31      0x225 CMakeFiles/CraneGame.dir/Drivers/STM32F7xx_HAL_Driver/Src/stm32f7xx_hal_pwr.c.obj
 .debug_macro   0x00027f56      0x22b CMakeFiles/CraneGame.dir/Drivers/STM32F7xx_HAL_Driver/Src/stm32f7xx_hal.c.obj
 .debug_macro   0x00028181      0x208 CMakeFiles/CraneGame.dir/Drivers/STM32F7xx_HAL_Driver/Src/stm32f7xx_hal_tim.c.obj
 .debug_macro   0x00028389      0x207 CMakeFiles/CraneGame.dir/Drivers/STM32F7xx_HAL_Driver/Src/stm32f7xx_hal_tim_ex.c.obj
 .debug_macro   0x00028590      0x224 CMakeFiles/CraneGame.dir/Drivers/STM32F7xx_HAL_Driver/Src/stm32f7xx_hal_uart.c.obj
 .debug_macro   0x000287b4      0x213 CMakeFiles/CraneGame.dir/Drivers/STM32F7xx_HAL_Driver/Src/stm32f7xx_hal_pcd.c.obj
 .debug_macro   0x000289c7      0x207 CMakeFiles/CraneGame.dir/Drivers/STM32F7xx_HAL_Driver/Src/stm32f7xx_hal_pcd_ex.c.obj
 .debug_macro   0x00028bce      0x207 CMakeFiles/CraneGame.dir/Drivers/STM32F7xx_HAL_Driver/Src/stm32f7xx_ll_usb.c.obj
 .debug_macro   0x00028dd5      0x207 CMakeFiles/CraneGame.dir/Core/Src/system_stm32f7xx.c.obj
 .debug_macro   0x00028fdc      0x1d1 CMakeFiles/CraneGame.dir/Middlewares/Third_Party/FreeRTOS/Source/event_groups.c.obj
 .debug_macro   0x000291ad       0x29 CMakeFiles/CraneGame.dir/Middlewares/Third_Party/FreeRTOS/Source/event_groups.c.obj
 .debug_macro   0x000291d6       0x6e CMakeFiles/CraneGame.dir/Middlewares/Third_Party/FreeRTOS/Source/event_groups.c.obj
 .debug_macro   0x00029244       0x94 CMakeFiles/CraneGame.dir/Middlewares/Third_Party/FreeRTOS/Source/event_groups.c.obj
 .debug_macro   0x000292d8       0x3c CMakeFiles/CraneGame.dir/Middlewares/Third_Party/FreeRTOS/Source/event_groups.c.obj
 .debug_macro   0x00029314       0x34 CMakeFiles/CraneGame.dir/Middlewares/Third_Party/FreeRTOS/Source/event_groups.c.obj
 .debug_macro   0x00029348       0x16 CMakeFiles/CraneGame.dir/Middlewares/Third_Party/FreeRTOS/Source/event_groups.c.obj
 .debug_macro   0x0002935e      0x11c CMakeFiles/CraneGame.dir/Middlewares/Third_Party/FreeRTOS/Source/event_groups.c.obj
 .debug_macro   0x0002947a       0x94 CMakeFiles/CraneGame.dir/Middlewares/Third_Party/FreeRTOS/Source/event_groups.c.obj
 .debug_macro   0x0002950e       0x16 CMakeFiles/CraneGame.dir/Middlewares/Third_Party/FreeRTOS/Source/event_groups.c.obj
 .debug_macro   0x00029524       0x43 CMakeFiles/CraneGame.dir/Middlewares/Third_Party/FreeRTOS/Source/event_groups.c.obj
 .debug_macro   0x00029567       0x57 CMakeFiles/CraneGame.dir/Middlewares/Third_Party/FreeRTOS/Source/event_groups.c.obj
 .debug_macro   0x000295be       0x34 CMakeFiles/CraneGame.dir/Middlewares/Third_Party/FreeRTOS/Source/event_groups.c.obj
 .debug_macro   0x000295f2       0x10 CMakeFiles/CraneGame.dir/Middlewares/Third_Party/FreeRTOS/Source/event_groups.c.obj
 .debug_macro   0x00029602       0x58 CMakeFiles/CraneGame.dir/Middlewares/Third_Party/FreeRTOS/Source/event_groups.c.obj
 .debug_macro   0x0002965a      0x1de CMakeFiles/CraneGame.dir/Middlewares/Third_Party/FreeRTOS/Source/event_groups.c.obj
 .debug_macro   0x00029838      0x369 CMakeFiles/CraneGame.dir/Middlewares/Third_Party/FreeRTOS/Source/event_groups.c.obj
 .debug_macro   0x00029ba1       0x16 CMakeFiles/CraneGame.dir/Middlewares/Third_Party/FreeRTOS/Source/event_groups.c.obj
 .debug_macro   0x00029bb7       0x29 CMakeFiles/CraneGame.dir/Middlewares/Third_Party/FreeRTOS/Source/event_groups.c.obj
 .debug_macro   0x00029be0      0x178 CMakeFiles/CraneGame.dir/Middlewares/Third_Party/FreeRTOS/Source/list.c.obj
 .debug_macro   0x00029d58      0x26a CMakeFiles/CraneGame.dir/Middlewares/Third_Party/FreeRTOS/Source/tasks.c.obj
 .debug_macro   0x00029fc2       0x10 CMakeFiles/CraneGame.dir/Middlewares/Third_Party/FreeRTOS/Source/tasks.c.obj
 .debug_macro   0x00029fd2      0x1ef CMakeFiles/CraneGame.dir/Middlewares/Third_Party/FreeRTOS/Source/CMSIS_RTOS/cmsis_os.c.obj
 .debug_macro   0x0002a1c1       0xc7 CMakeFiles/CraneGame.dir/Middlewares/Third_Party/FreeRTOS/Source/CMSIS_RTOS/cmsis_os.c.obj
 .debug_macro   0x0002a288      0x19f CMakeFiles/CraneGame.dir/Middlewares/Third_Party/FreeRTOS/Source/portable/MemMang/heap_4.c.obj
 .debug_macro   0x0002a427      0x184 CMakeFiles/CraneGame.dir/Middlewares/Third_Party/FreeRTOS/Source/portable/GCC/ARM_CM7/r0p1/port.c.obj

.debug_line     0x00000000    0x19f62
 .debug_line    0x00000000      0x7de CMakeFiles/CraneGame.dir/Core/Src/myutils.c.obj
 .debug_line    0x000007de      0xea4 CMakeFiles/CraneGame.dir/Core/Src/main.c.obj
 .debug_line    0x00001682      0x90f CMakeFiles/CraneGame.dir/Core/Src/freertos.c.obj
 .debug_line    0x00001f91      0x837 CMakeFiles/CraneGame.dir/Core/Src/stm32f7xx_it.c.obj
 .debug_line    0x000027c8      0x921 CMakeFiles/CraneGame.dir/Core/Src/stm32f7xx_hal_msp.c.obj
 .debug_line    0x000030e9      0x816 CMakeFiles/CraneGame.dir/Core/Src/stm32f7xx_hal_timebase_tim.c.obj
 .debug_line    0x000038ff      0xd5f CMakeFiles/CraneGame.dir/Drivers/STM32F7xx_HAL_Driver/Src/stm32f7xx_hal_cortex.c.obj
 .debug_line    0x0000465e      0xf1d CMakeFiles/CraneGame.dir/Drivers/STM32F7xx_HAL_Driver/Src/stm32f7xx_hal_rcc.c.obj
 .debug_line    0x0000557b      0xef4 CMakeFiles/CraneGame.dir/Drivers/STM32F7xx_HAL_Driver/Src/stm32f7xx_hal_rcc_ex.c.obj
 .debug_line    0x0000646f      0xc43 CMakeFiles/CraneGame.dir/Drivers/STM32F7xx_HAL_Driver/Src/stm32f7xx_hal_gpio.c.obj
 .debug_line    0x000070b2      0x9c1 CMakeFiles/CraneGame.dir/Drivers/STM32F7xx_HAL_Driver/Src/stm32f7xx_hal_pwr.c.obj
 .debug_line    0x00007a73      0xaed CMakeFiles/CraneGame.dir/Drivers/STM32F7xx_HAL_Driver/Src/stm32f7xx_hal.c.obj
 .debug_line    0x00008560     0x3d77 CMakeFiles/CraneGame.dir/Drivers/STM32F7xx_HAL_Driver/Src/stm32f7xx_hal_tim.c.obj
 .debug_line    0x0000c2d7     0x1c82 CMakeFiles/CraneGame.dir/Drivers/STM32F7xx_HAL_Driver/Src/stm32f7xx_hal_tim_ex.c.obj
 .debug_line    0x0000df59     0x322e CMakeFiles/CraneGame.dir/Drivers/STM32F7xx_HAL_Driver/Src/stm32f7xx_hal_uart.c.obj
 .debug_line    0x00011187     0x1515 CMakeFiles/CraneGame.dir/Drivers/STM32F7xx_HAL_Driver/Src/stm32f7xx_hal_pcd.c.obj
 .debug_line    0x0001269c      0x8bc CMakeFiles/CraneGame.dir/Drivers/STM32F7xx_HAL_Driver/Src/stm32f7xx_hal_pcd_ex.c.obj
 .debug_line    0x00012f58     0x1e39 CMakeFiles/CraneGame.dir/Drivers/STM32F7xx_HAL_Driver/Src/stm32f7xx_ll_usb.c.obj
 .debug_line    0x00014d91      0x81d CMakeFiles/CraneGame.dir/Core/Src/system_stm32f7xx.c.obj
 .debug_line    0x000155ae      0x9e3 CMakeFiles/CraneGame.dir/Middlewares/Third_Party/FreeRTOS/Source/event_groups.c.obj
 .debug_line    0x00015f91      0x638 CMakeFiles/CraneGame.dir/Middlewares/Third_Party/FreeRTOS/Source/list.c.obj
 .debug_line    0x000165c9     0x1807 CMakeFiles/CraneGame.dir/Middlewares/Third_Party/FreeRTOS/Source/tasks.c.obj
 .debug_line    0x00017dd0     0x1141 CMakeFiles/CraneGame.dir/Middlewares/Third_Party/FreeRTOS/Source/CMSIS_RTOS/cmsis_os.c.obj
 .debug_line    0x00018f11      0x807 CMakeFiles/CraneGame.dir/Middlewares/Third_Party/FreeRTOS/Source/portable/MemMang/heap_4.c.obj
 .debug_line    0x00019718      0x7d0 CMakeFiles/CraneGame.dir/Middlewares/Third_Party/FreeRTOS/Source/portable/GCC/ARM_CM7/r0p1/port.c.obj
 .debug_line    0x00019ee8       0x7a CMakeFiles/CraneGame.dir/startup_stm32f767xx.s.obj

.debug_str      0x00000000   0x106247
 .debug_str     0x00000000    0xf4acc CMakeFiles/CraneGame.dir/Core/Src/myutils.c.obj
                              0xf51af (size before relaxing)
 .debug_str     0x000f4acc     0x7a04 CMakeFiles/CraneGame.dir/Core/Src/main.c.obj
                              0xfcc95 (size before relaxing)
 .debug_str     0x000fc4d0       0xc0 CMakeFiles/CraneGame.dir/Core/Src/freertos.c.obj
                              0xf9416 (size before relaxing)
 .debug_str     0x000fc590       0xeb CMakeFiles/CraneGame.dir/Core/Src/stm32f7xx_it.c.obj
                              0xf5b90 (size before relaxing)
 .debug_str     0x000fc67b      0x9b8 CMakeFiles/CraneGame.dir/Core/Src/stm32f7xx_hal_msp.c.obj
                              0xf6c97 (size before relaxing)
 .debug_str     0x000fd033      0x135 CMakeFiles/CraneGame.dir/Core/Src/stm32f7xx_hal_timebase_tim.c.obj
                              0xf5f34 (size before relaxing)
 .debug_str     0x000fd168      0x4e0 CMakeFiles/CraneGame.dir/Drivers/STM32F7xx_HAL_Driver/Src/stm32f7xx_hal_cortex.c.obj
                              0xf5d94 (size before relaxing)
 .debug_str     0x000fd648      0x29e CMakeFiles/CraneGame.dir/Drivers/STM32F7xx_HAL_Driver/Src/stm32f7xx_hal_rcc.c.obj
                              0xf56ed (size before relaxing)
 .debug_str     0x000fd8e6      0x170 CMakeFiles/CraneGame.dir/Drivers/STM32F7xx_HAL_Driver/Src/stm32f7xx_hal_rcc_ex.c.obj
                              0xf5650 (size before relaxing)
 .debug_str     0x000fda56      0x138 CMakeFiles/CraneGame.dir/Drivers/STM32F7xx_HAL_Driver/Src/stm32f7xx_hal_gpio.c.obj
                              0xf5430 (size before relaxing)
 .debug_str     0x000fdb8e      0x2cd CMakeFiles/CraneGame.dir/Drivers/STM32F7xx_HAL_Driver/Src/stm32f7xx_hal_pwr.c.obj
                              0xf5613 (size before relaxing)
 .debug_str     0x000fde5b      0x3a8 CMakeFiles/CraneGame.dir/Drivers/STM32F7xx_HAL_Driver/Src/stm32f7xx_hal.c.obj
                              0xf5db2 (size before relaxing)
 .debug_str     0x000fe203      0xe0f CMakeFiles/CraneGame.dir/Drivers/STM32F7xx_HAL_Driver/Src/stm32f7xx_hal_tim.c.obj
                              0xf6695 (size before relaxing)
 .debug_str     0x000ff012      0x4c1 CMakeFiles/CraneGame.dir/Drivers/STM32F7xx_HAL_Driver/Src/stm32f7xx_hal_tim_ex.c.obj
                              0xf5f9b (size before relaxing)
 .debug_str     0x000ff4d3      0x89e CMakeFiles/CraneGame.dir/Drivers/STM32F7xx_HAL_Driver/Src/stm32f7xx_hal_uart.c.obj
                              0xf603b (size before relaxing)
 .debug_str     0x000ffd71      0x83e CMakeFiles/CraneGame.dir/Drivers/STM32F7xx_HAL_Driver/Src/stm32f7xx_hal_pcd.c.obj
                              0xf5dab (size before relaxing)
 .debug_str     0x001005af      0x14e CMakeFiles/CraneGame.dir/Drivers/STM32F7xx_HAL_Driver/Src/stm32f7xx_hal_pcd_ex.c.obj
                              0xf56ad (size before relaxing)
 .debug_str     0x001006fd      0x4d1 CMakeFiles/CraneGame.dir/Drivers/STM32F7xx_HAL_Driver/Src/stm32f7xx_ll_usb.c.obj
                              0xf5c88 (size before relaxing)
 .debug_str     0x00100bce       0x6b CMakeFiles/CraneGame.dir/Core/Src/system_stm32f7xx.c.obj
                              0xf5372 (size before relaxing)
 .debug_str     0x00100c39     0x3163 CMakeFiles/CraneGame.dir/Middlewares/Third_Party/FreeRTOS/Source/event_groups.c.obj
                               0xba2e (size before relaxing)